[2025-07-27T06:55:13.686-0400][0.003s][gc,init] CardTable entry size: 512
[2025-07-27T06:55:13.686-0400][0.003s][gc,heap] Minimum heap 268435456  Initial heap 268435456  Maximum heap 268435456
[2025-07-27T06:55:13.686-0400][0.003s][gc     ] Using G1
[2025-07-27T06:55:13.689-0400][0.006s][gc,init] Version: 21.0.8+9-Ubuntu-0ubuntu124.04.1 (release)
[2025-07-27T06:55:13.689-0400][0.006s][gc,init] CPUs: 12 total, 12 available
[2025-07-27T06:55:13.689-0400][0.006s][gc,init] Memory: 7885M
[2025-07-27T06:55:13.689-0400][0.006s][gc,init] Large Page Support: Disabled
[2025-07-27T06:55:13.689-0400][0.006s][gc,init] NUMA Support: Disabled
[2025-07-27T06:55:13.689-0400][0.006s][gc,init] Compressed Oops: Enabled (32-bit)
[2025-07-27T06:55:13.689-0400][0.006s][gc,init] Heap Region Size: 1M
[2025-07-27T06:55:13.689-0400][0.006s][gc,init] Heap Min Capacity: 256M
[2025-07-27T06:55:13.689-0400][0.006s][gc,init] Heap Initial Capacity: 256M
[2025-07-27T06:55:13.689-0400][0.006s][gc,init] Heap Max Capacity: 256M
[2025-07-27T06:55:13.689-0400][0.006s][gc,init] Pre-touch: Disabled
[2025-07-27T06:55:13.689-0400][0.006s][gc,init] Parallel Workers: 10
[2025-07-27T06:55:13.689-0400][0.006s][gc,init] Concurrent Workers: 3
[2025-07-27T06:55:13.689-0400][0.006s][gc,init] Concurrent Refinement Workers: 10
[2025-07-27T06:55:13.689-0400][0.006s][gc,init] Periodic GC: Disabled
[2025-07-27T06:55:13.694-0400][0.012s][gc,metaspace] CDS archive(s) mapped at: [0x00007f5243000000-0x00007f5243ca0000-0x00007f5243ca0000), size 13238272, SharedBaseAddress: 0x00007f5243000000, ArchiveRelocationMode: 1.
[2025-07-27T06:55:13.694-0400][0.012s][gc,metaspace] Compressed class space mapped at: 0x00007f5244000000-0x00007f5284000000, reserved size: 1073741824
[2025-07-27T06:55:13.694-0400][0.012s][gc,metaspace] Narrow klass base: 0x00007f5243000000, Narrow klass shift: 0, Narrow klass range: 0x100000000
[2025-07-27T06:55:14.511-0400][0.829s][gc,start    ] GC(0) Pause Young (Normal) (G1 Evacuation Pause)
[2025-07-27T06:55:14.512-0400][0.829s][gc,heap     ] GC(0) Heap before GC invocations=0 (full 0):
[2025-07-27T06:55:14.512-0400][0.829s][gc,heap     ] GC(0)  garbage-first heap   total 262144K, used 66610K [0x00000000f0000000, 0x0000000100000000)
[2025-07-27T06:55:14.512-0400][0.829s][gc,heap     ] GC(0)   region size 1024K, 64 young (65536K), 0 survivors (0K)
[2025-07-27T06:55:14.512-0400][0.829s][gc,heap     ] GC(0)  Metaspace       used 138K, committed 320K, reserved 1114112K
[2025-07-27T06:55:14.512-0400][0.829s][gc,heap     ] GC(0)   class space    used 8K, committed 128K, reserved 1048576K
[2025-07-27T06:55:14.516-0400][0.833s][gc,task     ] GC(0) Using 6 workers of 10 for evacuation
[2025-07-27T06:55:14.538-0400][0.855s][gc,phases   ] GC(0)   Pre Evacuate Collection Set: 0.5ms
[2025-07-27T06:55:14.538-0400][0.855s][gc,phases   ] GC(0)   Merge Heap Roots: 0.4ms
[2025-07-27T06:55:14.538-0400][0.855s][gc,phases   ] GC(0)   Evacuate Collection Set: 20.2ms
[2025-07-27T06:55:14.538-0400][0.855s][gc,phases   ] GC(0)   Post Evacuate Collection Set: 0.7ms
[2025-07-27T06:55:14.538-0400][0.855s][gc,phases   ] GC(0)   Other: 4.1ms
[2025-07-27T06:55:14.538-0400][0.855s][gc,heap     ] GC(0) Eden regions: 64->0(62)
[2025-07-27T06:55:14.538-0400][0.855s][gc,heap     ] GC(0) Survivor regions: 0->2(2)
[2025-07-27T06:55:14.538-0400][0.855s][gc,heap     ] GC(0) Old regions: 2->42
[2025-07-27T06:55:14.538-0400][0.855s][gc,heap     ] GC(0) Humongous regions: 0->0
[2025-07-27T06:55:14.538-0400][0.855s][gc,metaspace] GC(0) Metaspace: 138K(320K)->138K(320K) NonClass: 130K(192K)->130K(192K) Class: 8K(128K)->8K(128K)
[2025-07-27T06:55:14.538-0400][0.855s][gc,heap     ] GC(0) Heap after GC invocations=1 (full 0):
[2025-07-27T06:55:14.538-0400][0.855s][gc,heap     ] GC(0)  garbage-first heap   total 262144K, used 43996K [0x00000000f0000000, 0x0000000100000000)
[2025-07-27T06:55:14.538-0400][0.855s][gc,heap     ] GC(0)   region size 1024K, 2 young (2048K), 2 survivors (2048K)
[2025-07-27T06:55:14.538-0400][0.855s][gc,heap     ] GC(0)  Metaspace       used 138K, committed 320K, reserved 1114112K
[2025-07-27T06:55:14.538-0400][0.855s][gc,heap     ] GC(0)   class space    used 8K, committed 128K, reserved 1048576K
[2025-07-27T06:55:14.538-0400][0.855s][gc          ] GC(0) Pause Young (Normal) (G1 Evacuation Pause) 65M->42M(256M) 26.506ms
[2025-07-27T06:55:14.538-0400][0.855s][gc,cpu      ] GC(0) User=0.02s Sys=0.10s Real=0.03s
[2025-07-27T06:55:15.284-0400][1.601s][gc,start    ] GC(1) Pause Young (Normal) (G1 Evacuation Pause)
[2025-07-27T06:55:15.284-0400][1.601s][gc,heap     ] GC(1) Heap before GC invocations=1 (full 0):
[2025-07-27T06:55:15.284-0400][1.601s][gc,heap     ] GC(1)  garbage-first heap   total 262144K, used 107484K [0x00000000f0000000, 0x0000000100000000)
[2025-07-27T06:55:15.284-0400][1.601s][gc,heap     ] GC(1)   region size 1024K, 64 young (65536K), 2 survivors (2048K)
[2025-07-27T06:55:15.284-0400][1.601s][gc,heap     ] GC(1)  Metaspace       used 144K, committed 320K, reserved 1114112K
[2025-07-27T06:55:15.284-0400][1.601s][gc,heap     ] GC(1)   class space    used 8K, committed 128K, reserved 1048576K
[2025-07-27T06:55:15.284-0400][1.601s][gc,task     ] GC(1) Using 6 workers of 10 for evacuation
[2025-07-27T06:55:15.300-0400][1.617s][gc,phases   ] GC(1)   Pre Evacuate Collection Set: 0.6ms
[2025-07-27T06:55:15.300-0400][1.617s][gc,phases   ] GC(1)   Merge Heap Roots: 0.2ms
[2025-07-27T06:55:15.300-0400][1.617s][gc,phases   ] GC(1)   Evacuate Collection Set: 13.8ms
[2025-07-27T06:55:15.300-0400][1.617s][gc,phases   ] GC(1)   Post Evacuate Collection Set: 0.8ms
[2025-07-27T06:55:15.300-0400][1.617s][gc,phases   ] GC(1)   Other: 0.1ms
[2025-07-27T06:55:15.300-0400][1.617s][gc,heap     ] GC(1) Eden regions: 62->0(62)
[2025-07-27T06:55:15.300-0400][1.617s][gc,heap     ] GC(1) Survivor regions: 2->2(2)
[2025-07-27T06:55:15.300-0400][1.617s][gc,heap     ] GC(1) Old regions: 42->84
[2025-07-27T06:55:15.300-0400][1.617s][gc,heap     ] GC(1) Humongous regions: 0->0
[2025-07-27T06:55:15.300-0400][1.617s][gc,metaspace] GC(1) Metaspace: 144K(320K)->144K(320K) NonClass: 135K(192K)->135K(192K) Class: 8K(128K)->8K(128K)
[2025-07-27T06:55:15.300-0400][1.617s][gc,heap     ] GC(1) Heap after GC invocations=2 (full 0):
[2025-07-27T06:55:15.300-0400][1.617s][gc,heap     ] GC(1)  garbage-first heap   total 262144K, used 87090K [0x00000000f0000000, 0x0000000100000000)
[2025-07-27T06:55:15.300-0400][1.617s][gc,heap     ] GC(1)   region size 1024K, 2 young (2048K), 2 survivors (2048K)
[2025-07-27T06:55:15.300-0400][1.617s][gc,heap     ] GC(1)  Metaspace       used 144K, committed 320K, reserved 1114112K
[2025-07-27T06:55:15.300-0400][1.617s][gc,heap     ] GC(1)   class space    used 8K, committed 128K, reserved 1048576K
[2025-07-27T06:55:15.300-0400][1.617s][gc          ] GC(1) Pause Young (Normal) (G1 Evacuation Pause) 104M->85M(256M) 15.852ms
[2025-07-27T06:55:15.300-0400][1.617s][gc,cpu      ] GC(1) User=0.02s Sys=0.05s Real=0.01s
[2025-07-27T06:55:16.037-0400][2.355s][gc,start    ] GC(2) Pause Young (Normal) (G1 Evacuation Pause)
[2025-07-27T06:55:16.037-0400][2.355s][gc,heap     ] GC(2) Heap before GC invocations=2 (full 0):
[2025-07-27T06:55:16.037-0400][2.355s][gc,heap     ] GC(2)  garbage-first heap   total 262144K, used 150578K [0x00000000f0000000, 0x0000000100000000)
[2025-07-27T06:55:16.038-0400][2.355s][gc,heap     ] GC(2)   region size 1024K, 64 young (65536K), 2 survivors (2048K)
[2025-07-27T06:55:16.038-0400][2.355s][gc,heap     ] GC(2)  Metaspace       used 144K, committed 320K, reserved 1114112K
[2025-07-27T06:55:16.038-0400][2.355s][gc,heap     ] GC(2)   class space    used 8K, committed 128K, reserved 1048576K
[2025-07-27T06:55:16.038-0400][2.355s][gc,task     ] GC(2) Using 6 workers of 10 for evacuation
[2025-07-27T06:55:16.053-0400][2.370s][gc,phases   ] GC(2)   Pre Evacuate Collection Set: 0.3ms
[2025-07-27T06:55:16.053-0400][2.370s][gc,phases   ] GC(2)   Merge Heap Roots: 0.2ms
[2025-07-27T06:55:16.053-0400][2.370s][gc,phases   ] GC(2)   Evacuate Collection Set: 14.5ms
[2025-07-27T06:55:16.053-0400][2.370s][gc,phases   ] GC(2)   Post Evacuate Collection Set: 0.7ms
[2025-07-27T06:55:16.053-0400][2.370s][gc,phases   ] GC(2)   Other: 0.1ms
[2025-07-27T06:55:16.053-0400][2.370s][gc,heap     ] GC(2) Eden regions: 62->0(62)
[2025-07-27T06:55:16.053-0400][2.370s][gc,heap     ] GC(2) Survivor regions: 2->2(2)
[2025-07-27T06:55:16.053-0400][2.370s][gc,heap     ] GC(2) Old regions: 84->127
[2025-07-27T06:55:16.053-0400][2.371s][gc,heap     ] GC(2) Humongous regions: 0->0
[2025-07-27T06:55:16.053-0400][2.371s][gc,metaspace] GC(2) Metaspace: 144K(320K)->144K(320K) NonClass: 135K(192K)->135K(192K) Class: 8K(128K)->8K(128K)
[2025-07-27T06:55:16.053-0400][2.371s][gc,heap     ] GC(2) Heap after GC invocations=3 (full 0):
[2025-07-27T06:55:16.053-0400][2.371s][gc,heap     ] GC(2)  garbage-first heap   total 262144K, used 130610K [0x00000000f0000000, 0x0000000100000000)
[2025-07-27T06:55:16.053-0400][2.371s][gc,heap     ] GC(2)   region size 1024K, 2 young (2048K), 2 survivors (2048K)
[2025-07-27T06:55:16.053-0400][2.371s][gc,heap     ] GC(2)  Metaspace       used 144K, committed 320K, reserved 1114112K
[2025-07-27T06:55:16.053-0400][2.371s][gc,heap     ] GC(2)   class space    used 8K, committed 128K, reserved 1048576K
[2025-07-27T06:55:16.053-0400][2.371s][gc          ] GC(2) Pause Young (Normal) (G1 Evacuation Pause) 147M->127M(256M) 16.030ms
[2025-07-27T06:55:16.053-0400][2.371s][gc,cpu      ] GC(2) User=0.06s Sys=0.02s Real=0.02s
[2025-07-27T06:55:16.841-0400][3.158s][gc,start    ] GC(3) Pause Young (Concurrent Start) (G1 Evacuation Pause)
[2025-07-27T06:55:16.841-0400][3.158s][gc,heap     ] GC(3) Heap before GC invocations=3 (full 0):
[2025-07-27T06:55:16.841-0400][3.159s][gc,heap     ] GC(3)  garbage-first heap   total 262144K, used 194098K [0x00000000f0000000, 0x0000000100000000)
[2025-07-27T06:55:16.841-0400][3.159s][gc,heap     ] GC(3)   region size 1024K, 64 young (65536K), 2 survivors (2048K)
[2025-07-27T06:55:16.841-0400][3.159s][gc,heap     ] GC(3)  Metaspace       used 144K, committed 320K, reserved 1114112K
[2025-07-27T06:55:16.841-0400][3.159s][gc,heap     ] GC(3)   class space    used 8K, committed 128K, reserved 1048576K
[2025-07-27T06:55:16.841-0400][3.159s][gc,task     ] GC(3) Using 6 workers of 10 for evacuation
[2025-07-27T06:55:16.861-0400][3.178s][gc,phases   ] GC(3)   Pre Evacuate Collection Set: 1.0ms
[2025-07-27T06:55:16.861-0400][3.178s][gc,phases   ] GC(3)   Merge Heap Roots: 0.3ms
[2025-07-27T06:55:16.861-0400][3.178s][gc,phases   ] GC(3)   Evacuate Collection Set: 17.0ms
[2025-07-27T06:55:16.861-0400][3.178s][gc,phases   ] GC(3)   Post Evacuate Collection Set: 0.7ms
[2025-07-27T06:55:16.861-0400][3.178s][gc,phases   ] GC(3)   Other: 0.2ms
[2025-07-27T06:55:16.861-0400][3.178s][gc,heap     ] GC(3) Eden regions: 62->0(62)
[2025-07-27T06:55:16.861-0400][3.178s][gc,heap     ] GC(3) Survivor regions: 2->2(2)
[2025-07-27T06:55:16.861-0400][3.178s][gc,heap     ] GC(3) Old regions: 127->167
[2025-07-27T06:55:16.861-0400][3.178s][gc,heap     ] GC(3) Humongous regions: 0->0
[2025-07-27T06:55:16.861-0400][3.178s][gc,metaspace] GC(3) Metaspace: 144K(320K)->144K(320K) NonClass: 135K(192K)->135K(192K) Class: 8K(128K)->8K(128K)
[2025-07-27T06:55:16.861-0400][3.178s][gc,heap     ] GC(3) Heap after GC invocations=4 (full 0):
[2025-07-27T06:55:16.861-0400][3.178s][gc,heap     ] GC(3)  garbage-first heap   total 262144K, used 172082K [0x00000000f0000000, 0x0000000100000000)
[2025-07-27T06:55:16.861-0400][3.178s][gc,heap     ] GC(3)   region size 1024K, 2 young (2048K), 2 survivors (2048K)
[2025-07-27T06:55:16.861-0400][3.178s][gc,heap     ] GC(3)  Metaspace       used 144K, committed 320K, reserved 1114112K
[2025-07-27T06:55:16.861-0400][3.178s][gc,heap     ] GC(3)   class space    used 8K, committed 128K, reserved 1048576K
[2025-07-27T06:55:16.861-0400][3.178s][gc          ] GC(3) Pause Young (Concurrent Start) (G1 Evacuation Pause) 189M->168M(256M) 19.757ms
[2025-07-27T06:55:16.861-0400][3.178s][gc,cpu      ] GC(3) User=0.04s Sys=0.06s Real=0.02s
[2025-07-27T06:55:16.861-0400][3.178s][gc          ] GC(4) Concurrent Mark Cycle
[2025-07-27T06:55:16.861-0400][3.178s][gc,marking  ] GC(4) Concurrent Scan Root Regions
[2025-07-27T06:55:16.863-0400][3.180s][gc,marking  ] GC(4) Concurrent Scan Root Regions 2.180ms
[2025-07-27T06:55:16.863-0400][3.180s][gc,marking  ] GC(4) Concurrent Mark
[2025-07-27T06:55:16.863-0400][3.180s][gc,marking  ] GC(4) Concurrent Mark From Roots
[2025-07-27T06:55:16.863-0400][3.180s][gc,task     ] GC(4) Using 3 workers of 3 for marking
[2025-07-27T06:55:16.864-0400][3.182s][gc,marking  ] GC(4) Concurrent Mark From Roots 1.207ms
[2025-07-27T06:55:16.864-0400][3.182s][gc,marking  ] GC(4) Concurrent Preclean
[2025-07-27T06:55:16.865-0400][3.182s][gc,marking  ] GC(4) Concurrent Preclean 0.012ms
[2025-07-27T06:55:16.865-0400][3.182s][gc,start    ] GC(4) Pause Remark
[2025-07-27T06:55:16.866-0400][3.183s][gc          ] GC(4) Pause Remark 168M->49M(256M) 1.682ms
[2025-07-27T06:55:16.866-0400][3.183s][gc,cpu      ] GC(4) User=0.01s Sys=0.00s Real=0.00s
[2025-07-27T06:55:16.866-0400][3.184s][gc,marking  ] GC(4) Concurrent Mark 3.199ms
[2025-07-27T06:55:16.866-0400][3.184s][gc,marking  ] GC(4) Concurrent Rebuild Remembered Sets and Scrub Regions
[2025-07-27T06:55:16.868-0400][3.185s][gc,marking  ] GC(4) Concurrent Rebuild Remembered Sets and Scrub Regions 1.572ms
[2025-07-27T06:55:16.868-0400][3.185s][gc,start    ] GC(4) Pause Cleanup
[2025-07-27T06:55:16.868-0400][3.185s][gc          ] GC(4) Pause Cleanup 49M->49M(256M) 0.166ms
[2025-07-27T06:55:16.868-0400][3.185s][gc,cpu      ] GC(4) User=0.00s Sys=0.00s Real=0.00s
[2025-07-27T06:55:16.868-0400][3.186s][gc,marking  ] GC(4) Concurrent Clear Claimed Marks
[2025-07-27T06:55:16.868-0400][3.186s][gc,marking  ] GC(4) Concurrent Clear Claimed Marks 0.015ms
[2025-07-27T06:55:16.868-0400][3.186s][gc,marking  ] GC(4) Concurrent Cleanup for Next Mark
[2025-07-27T06:55:16.870-0400][3.187s][gc,marking  ] GC(4) Concurrent Cleanup for Next Mark 1.835ms
[2025-07-27T06:55:16.870-0400][3.187s][gc          ] GC(4) Concurrent Mark Cycle 9.412ms
[2025-07-27T06:55:17.663-0400][3.980s][gc,start    ] GC(5) Pause Young (Prepare Mixed) (G1 Evacuation Pause)
[2025-07-27T06:55:17.663-0400][3.980s][gc,heap     ] GC(5) Heap before GC invocations=5 (full 0):
[2025-07-27T06:55:17.663-0400][3.980s][gc,heap     ] GC(5)  garbage-first heap   total 262144K, used 113714K [0x00000000f0000000, 0x0000000100000000)
[2025-07-27T06:55:17.663-0400][3.980s][gc,heap     ] GC(5)   region size 1024K, 64 young (65536K), 2 survivors (2048K)
[2025-07-27T06:55:17.663-0400][3.980s][gc,heap     ] GC(5)  Metaspace       used 146K, committed 320K, reserved 1114112K
[2025-07-27T06:55:17.663-0400][3.980s][gc,heap     ] GC(5)   class space    used 8K, committed 128K, reserved 1048576K
[2025-07-27T06:55:17.663-0400][3.980s][gc,task     ] GC(5) Using 6 workers of 10 for evacuation
[2025-07-27T06:55:17.672-0400][3.989s][gc,phases   ] GC(5)   Pre Evacuate Collection Set: 1.0ms
[2025-07-27T06:55:17.672-0400][3.989s][gc,phases   ] GC(5)   Merge Heap Roots: 0.4ms
[2025-07-27T06:55:17.672-0400][3.989s][gc,phases   ] GC(5)   Evacuate Collection Set: 6.9ms
[2025-07-27T06:55:17.672-0400][3.989s][gc,phases   ] GC(5)   Post Evacuate Collection Set: 0.6ms
[2025-07-27T06:55:17.672-0400][3.989s][gc,phases   ] GC(5)   Other: 0.1ms
[2025-07-27T06:55:17.672-0400][3.989s][gc,heap     ] GC(5) Eden regions: 62->0(62)
[2025-07-27T06:55:17.672-0400][3.989s][gc,heap     ] GC(5) Survivor regions: 2->2(2)
[2025-07-27T06:55:17.672-0400][3.989s][gc,heap     ] GC(5) Old regions: 48->87
[2025-07-27T06:55:17.672-0400][3.989s][gc,heap     ] GC(5) Humongous regions: 0->0
[2025-07-27T06:55:17.672-0400][3.989s][gc,metaspace] GC(5) Metaspace: 146K(320K)->146K(320K) NonClass: 138K(192K)->138K(192K) Class: 8K(128K)->8K(128K)
[2025-07-27T06:55:17.672-0400][3.989s][gc,heap     ] GC(5) Heap after GC invocations=6 (full 0):
[2025-07-27T06:55:17.672-0400][3.989s][gc,heap     ] GC(5)  garbage-first heap   total 262144K, used 89650K [0x00000000f0000000, 0x0000000100000000)
[2025-07-27T06:55:17.672-0400][3.989s][gc,heap     ] GC(5)   region size 1024K, 2 young (2048K), 2 survivors (2048K)
[2025-07-27T06:55:17.672-0400][3.989s][gc,heap     ] GC(5)  Metaspace       used 146K, committed 320K, reserved 1114112K
[2025-07-27T06:55:17.672-0400][3.989s][gc,heap     ] GC(5)   class space    used 8K, committed 128K, reserved 1048576K
[2025-07-27T06:55:17.672-0400][3.989s][gc          ] GC(5) Pause Young (Prepare Mixed) (G1 Evacuation Pause) 111M->87M(256M) 9.494ms
[2025-07-27T06:55:17.672-0400][3.990s][gc,cpu      ] GC(5) User=0.03s Sys=0.00s Real=0.01s
[2025-07-27T06:55:18.437-0400][4.754s][gc,start    ] GC(6) Pause Young (Mixed) (G1 Evacuation Pause)
[2025-07-27T06:55:18.437-0400][4.754s][gc,heap     ] GC(6) Heap before GC invocations=6 (full 0):
[2025-07-27T06:55:18.437-0400][4.754s][gc,heap     ] GC(6)  garbage-first heap   total 262144K, used 153138K [0x00000000f0000000, 0x0000000100000000)
[2025-07-27T06:55:18.437-0400][4.754s][gc,heap     ] GC(6)   region size 1024K, 64 young (65536K), 2 survivors (2048K)
[2025-07-27T06:55:18.437-0400][4.754s][gc,heap     ] GC(6)  Metaspace       used 146K, committed 320K, reserved 1114112K
[2025-07-27T06:55:18.437-0400][4.754s][gc,heap     ] GC(6)   class space    used 8K, committed 128K, reserved 1048576K
[2025-07-27T06:55:18.437-0400][4.754s][gc,task     ] GC(6) Using 6 workers of 10 for evacuation
[2025-07-27T06:55:18.444-0400][4.761s][gc,phases   ] GC(6)   Pre Evacuate Collection Set: 0.3ms
[2025-07-27T06:55:18.444-0400][4.761s][gc,phases   ] GC(6)   Merge Heap Roots: 0.1ms
[2025-07-27T06:55:18.444-0400][4.761s][gc,phases   ] GC(6)   Evacuate Collection Set: 6.2ms
[2025-07-27T06:55:18.444-0400][4.761s][gc,phases   ] GC(6)   Post Evacuate Collection Set: 0.8ms
[2025-07-27T06:55:18.444-0400][4.761s][gc,phases   ] GC(6)   Other: 0.1ms
[2025-07-27T06:55:18.444-0400][4.761s][gc,heap     ] GC(6) Eden regions: 62->0(62)
[2025-07-27T06:55:18.444-0400][4.761s][gc,heap     ] GC(6) Survivor regions: 2->2(2)
[2025-07-27T06:55:18.444-0400][4.761s][gc,heap     ] GC(6) Old regions: 87->125
[2025-07-27T06:55:18.444-0400][4.761s][gc,heap     ] GC(6) Humongous regions: 0->0
[2025-07-27T06:55:18.444-0400][4.761s][gc,metaspace] GC(6) Metaspace: 146K(320K)->146K(320K) NonClass: 138K(192K)->138K(192K) Class: 8K(128K)->8K(128K)
[2025-07-27T06:55:18.444-0400][4.761s][gc,heap     ] GC(6) Heap after GC invocations=7 (full 0):
[2025-07-27T06:55:18.444-0400][4.761s][gc,heap     ] GC(6)  garbage-first heap   total 262144K, used 129074K [0x00000000f0000000, 0x0000000100000000)
[2025-07-27T06:55:18.444-0400][4.761s][gc,heap     ] GC(6)   region size 1024K, 2 young (2048K), 2 survivors (2048K)
[2025-07-27T06:55:18.444-0400][4.761s][gc,heap     ] GC(6)  Metaspace       used 146K, committed 320K, reserved 1114112K
[2025-07-27T06:55:18.444-0400][4.761s][gc,heap     ] GC(6)   class space    used 8K, committed 128K, reserved 1048576K
[2025-07-27T06:55:18.444-0400][4.761s][gc          ] GC(6) Pause Young (Mixed) (G1 Evacuation Pause) 149M->126M(256M) 7.651ms
[2025-07-27T06:55:18.444-0400][4.761s][gc,cpu      ] GC(6) User=0.03s Sys=0.00s Real=0.01s
[2025-07-27T06:55:19.238-0400][5.555s][gc,start    ] GC(7) Pause Young (Concurrent Start) (G1 Evacuation Pause)
[2025-07-27T06:55:19.238-0400][5.556s][gc,heap     ] GC(7) Heap before GC invocations=7 (full 0):
[2025-07-27T06:55:19.238-0400][5.556s][gc,heap     ] GC(7)  garbage-first heap   total 262144K, used 192562K [0x00000000f0000000, 0x0000000100000000)
[2025-07-27T06:55:19.239-0400][5.556s][gc,heap     ] GC(7)   region size 1024K, 64 young (65536K), 2 survivors (2048K)
[2025-07-27T06:55:19.239-0400][5.556s][gc,heap     ] GC(7)  Metaspace       used 146K, committed 320K, reserved 1114112K
[2025-07-27T06:55:19.239-0400][5.556s][gc,heap     ] GC(7)   class space    used 8K, committed 128K, reserved 1048576K
[2025-07-27T06:55:19.239-0400][5.556s][gc,task     ] GC(7) Using 6 workers of 10 for evacuation
[2025-07-27T06:55:19.247-0400][5.564s][gc,phases   ] GC(7)   Pre Evacuate Collection Set: 1.0ms
[2025-07-27T06:55:19.247-0400][5.564s][gc,phases   ] GC(7)   Merge Heap Roots: 0.3ms
[2025-07-27T06:55:19.247-0400][5.564s][gc,phases   ] GC(7)   Evacuate Collection Set: 6.5ms
[2025-07-27T06:55:19.247-0400][5.564s][gc,phases   ] GC(7)   Post Evacuate Collection Set: 0.7ms
[2025-07-27T06:55:19.247-0400][5.564s][gc,phases   ] GC(7)   Other: 0.2ms
[2025-07-27T06:55:19.247-0400][5.564s][gc,heap     ] GC(7) Eden regions: 62->0(62)
[2025-07-27T06:55:19.247-0400][5.565s][gc,heap     ] GC(7) Survivor regions: 2->2(2)
[2025-07-27T06:55:19.247-0400][5.565s][gc,heap     ] GC(7) Old regions: 125->164
[2025-07-27T06:55:19.247-0400][5.565s][gc,heap     ] GC(7) Humongous regions: 0->0
[2025-07-27T06:55:19.247-0400][5.565s][gc,metaspace] GC(7) Metaspace: 146K(320K)->146K(320K) NonClass: 138K(192K)->138K(192K) Class: 8K(128K)->8K(128K)
[2025-07-27T06:55:19.247-0400][5.565s][gc,heap     ] GC(7) Heap after GC invocations=8 (full 0):
[2025-07-27T06:55:19.247-0400][5.565s][gc,heap     ] GC(7)  garbage-first heap   total 262144K, used 169010K [0x00000000f0000000, 0x0000000100000000)
[2025-07-27T06:55:19.247-0400][5.565s][gc,heap     ] GC(7)   region size 1024K, 2 young (2048K), 2 survivors (2048K)
[2025-07-27T06:55:19.247-0400][5.565s][gc,heap     ] GC(7)  Metaspace       used 146K, committed 320K, reserved 1114112K
[2025-07-27T06:55:19.247-0400][5.565s][gc,heap     ] GC(7)   class space    used 8K, committed 128K, reserved 1048576K
[2025-07-27T06:55:19.247-0400][5.565s][gc          ] GC(7) Pause Young (Concurrent Start) (G1 Evacuation Pause) 188M->165M(256M) 9.223ms
[2025-07-27T06:55:19.247-0400][5.565s][gc,cpu      ] GC(7) User=0.03s Sys=0.00s Real=0.01s
[2025-07-27T06:55:19.247-0400][5.565s][gc          ] GC(8) Concurrent Mark Cycle
[2025-07-27T06:55:19.248-0400][5.565s][gc,marking  ] GC(8) Concurrent Scan Root Regions
[2025-07-27T06:55:19.249-0400][5.566s][gc,marking  ] GC(8) Concurrent Scan Root Regions 1.814ms
[2025-07-27T06:55:19.249-0400][5.567s][gc,marking  ] GC(8) Concurrent Mark
[2025-07-27T06:55:19.249-0400][5.567s][gc,marking  ] GC(8) Concurrent Mark From Roots
[2025-07-27T06:55:19.249-0400][5.567s][gc,task     ] GC(8) Using 3 workers of 3 for marking
[2025-07-27T06:55:19.251-0400][5.568s][gc,marking  ] GC(8) Concurrent Mark From Roots 1.640ms
[2025-07-27T06:55:19.251-0400][5.568s][gc,marking  ] GC(8) Concurrent Preclean
[2025-07-27T06:55:19.251-0400][5.568s][gc,marking  ] GC(8) Concurrent Preclean 0.019ms
[2025-07-27T06:55:19.251-0400][5.568s][gc,start    ] GC(8) Pause Remark
[2025-07-27T06:55:19.253-0400][5.570s][gc          ] GC(8) Pause Remark 165M->47M(256M) 1.499ms
[2025-07-27T06:55:19.253-0400][5.570s][gc,cpu      ] GC(8) User=0.00s Sys=0.00s Real=0.01s
[2025-07-27T06:55:19.253-0400][5.570s][gc,marking  ] GC(8) Concurrent Mark 3.442ms
[2025-07-27T06:55:19.253-0400][5.570s][gc,marking  ] GC(8) Concurrent Rebuild Remembered Sets and Scrub Regions
[2025-07-27T06:55:19.254-0400][5.571s][gc,marking  ] GC(8) Concurrent Rebuild Remembered Sets and Scrub Regions 1.485ms
[2025-07-27T06:55:19.254-0400][5.572s][gc,start    ] GC(8) Pause Cleanup
[2025-07-27T06:55:19.255-0400][5.572s][gc          ] GC(8) Pause Cleanup 47M->47M(256M) 0.174ms
[2025-07-27T06:55:19.255-0400][5.572s][gc,cpu      ] GC(8) User=0.00s Sys=0.00s Real=0.00s
[2025-07-27T06:55:19.255-0400][5.572s][gc,marking  ] GC(8) Concurrent Clear Claimed Marks
[2025-07-27T06:55:19.255-0400][5.572s][gc,marking  ] GC(8) Concurrent Clear Claimed Marks 0.036ms
[2025-07-27T06:55:19.255-0400][5.572s][gc,marking  ] GC(8) Concurrent Cleanup for Next Mark
[2025-07-27T06:55:19.255-0400][5.572s][gc,marking  ] GC(8) Concurrent Cleanup for Next Mark 0.277ms
[2025-07-27T06:55:19.255-0400][5.572s][gc          ] GC(8) Concurrent Mark Cycle 7.683ms
[2025-07-27T06:55:20.057-0400][6.374s][gc,start    ] GC(9) Pause Young (Prepare Mixed) (G1 Evacuation Pause)
[2025-07-27T06:55:20.057-0400][6.375s][gc,heap     ] GC(9) Heap before GC invocations=9 (full 0):
[2025-07-27T06:55:20.058-0400][6.375s][gc,heap     ] GC(9)  garbage-first heap   total 262144K, used 111666K [0x00000000f0000000, 0x0000000100000000)
[2025-07-27T06:55:20.058-0400][6.375s][gc,heap     ] GC(9)   region size 1024K, 64 young (65536K), 2 survivors (2048K)
[2025-07-27T06:55:20.058-0400][6.375s][gc,heap     ] GC(9)  Metaspace       used 146K, committed 320K, reserved 1114112K
[2025-07-27T06:55:20.058-0400][6.375s][gc,heap     ] GC(9)   class space    used 8K, committed 128K, reserved 1048576K
[2025-07-27T06:55:20.058-0400][6.375s][gc,task     ] GC(9) Using 6 workers of 10 for evacuation
[2025-07-27T06:55:20.066-0400][6.384s][gc,phases   ] GC(9)   Pre Evacuate Collection Set: 0.9ms
[2025-07-27T06:55:20.066-0400][6.384s][gc,phases   ] GC(9)   Merge Heap Roots: 0.3ms
[2025-07-27T06:55:20.066-0400][6.384s][gc,phases   ] GC(9)   Evacuate Collection Set: 6.7ms
[2025-07-27T06:55:20.066-0400][6.384s][gc,phases   ] GC(9)   Post Evacuate Collection Set: 0.7ms
[2025-07-27T06:55:20.066-0400][6.384s][gc,phases   ] GC(9)   Other: 0.1ms
[2025-07-27T06:55:20.066-0400][6.384s][gc,heap     ] GC(9) Eden regions: 62->0(62)
[2025-07-27T06:55:20.066-0400][6.384s][gc,heap     ] GC(9) Survivor regions: 2->2(2)
[2025-07-27T06:55:20.066-0400][6.384s][gc,heap     ] GC(9) Old regions: 46->85
[2025-07-27T06:55:20.066-0400][6.384s][gc,heap     ] GC(9) Humongous regions: 0->0
[2025-07-27T06:55:20.066-0400][6.384s][gc,metaspace] GC(9) Metaspace: 146K(320K)->146K(320K) NonClass: 138K(192K)->138K(192K) Class: 8K(128K)->8K(128K)
[2025-07-27T06:55:20.067-0400][6.384s][gc,heap     ] GC(9) Heap after GC invocations=10 (full 0):
[2025-07-27T06:55:20.067-0400][6.384s][gc,heap     ] GC(9)  garbage-first heap   total 262144K, used 88114K [0x00000000f0000000, 0x0000000100000000)
[2025-07-27T06:55:20.067-0400][6.384s][gc,heap     ] GC(9)   region size 1024K, 2 young (2048K), 2 survivors (2048K)
[2025-07-27T06:55:20.067-0400][6.384s][gc,heap     ] GC(9)  Metaspace       used 146K, committed 320K, reserved 1114112K
[2025-07-27T06:55:20.067-0400][6.384s][gc,heap     ] GC(9)   class space    used 8K, committed 128K, reserved 1048576K
[2025-07-27T06:55:20.067-0400][6.384s][gc          ] GC(9) Pause Young (Prepare Mixed) (G1 Evacuation Pause) 109M->86M(256M) 9.285ms
[2025-07-27T06:55:20.067-0400][6.384s][gc,cpu      ] GC(9) User=0.04s Sys=0.00s Real=0.01s
[2025-07-27T06:55:20.808-0400][7.125s][gc,start    ] GC(10) Pause Young (Mixed) (G1 Evacuation Pause)
[2025-07-27T06:55:20.808-0400][7.125s][gc,heap     ] GC(10) Heap before GC invocations=10 (full 0):
[2025-07-27T06:55:20.808-0400][7.126s][gc,heap     ] GC(10)  garbage-first heap   total 262144K, used 151602K [0x00000000f0000000, 0x0000000100000000)
[2025-07-27T06:55:20.808-0400][7.126s][gc,heap     ] GC(10)   region size 1024K, 64 young (65536K), 2 survivors (2048K)
[2025-07-27T06:55:20.808-0400][7.126s][gc,heap     ] GC(10)  Metaspace       used 146K, committed 320K, reserved 1114112K
[2025-07-27T06:55:20.808-0400][7.126s][gc,heap     ] GC(10)   class space    used 8K, committed 128K, reserved 1048576K
[2025-07-27T06:55:20.808-0400][7.126s][gc,task     ] GC(10) Using 6 workers of 10 for evacuation
[2025-07-27T06:55:20.815-0400][7.132s][gc,phases   ] GC(10)   Pre Evacuate Collection Set: 0.2ms
[2025-07-27T06:55:20.815-0400][7.132s][gc,phases   ] GC(10)   Merge Heap Roots: 0.1ms
[2025-07-27T06:55:20.815-0400][7.132s][gc,phases   ] GC(10)   Evacuate Collection Set: 5.9ms
[2025-07-27T06:55:20.815-0400][7.132s][gc,phases   ] GC(10)   Post Evacuate Collection Set: 0.3ms
[2025-07-27T06:55:20.815-0400][7.132s][gc,phases   ] GC(10)   Other: 0.1ms
[2025-07-27T06:55:20.815-0400][7.132s][gc,heap     ] GC(10) Eden regions: 62->0(62)
[2025-07-27T06:55:20.815-0400][7.132s][gc,heap     ] GC(10) Survivor regions: 2->2(2)
[2025-07-27T06:55:20.815-0400][7.132s][gc,heap     ] GC(10) Old regions: 85->126
[2025-07-27T06:55:20.815-0400][7.132s][gc,heap     ] GC(10) Humongous regions: 0->0
[2025-07-27T06:55:20.815-0400][7.132s][gc,metaspace] GC(10) Metaspace: 146K(320K)->146K(320K) NonClass: 138K(192K)->138K(192K) Class: 8K(128K)->8K(128K)
[2025-07-27T06:55:20.815-0400][7.132s][gc,heap     ] GC(10) Heap after GC invocations=11 (full 0):
[2025-07-27T06:55:20.815-0400][7.132s][gc,heap     ] GC(10)  garbage-first heap   total 262144K, used 130098K [0x00000000f0000000, 0x0000000100000000)
[2025-07-27T06:55:20.815-0400][7.132s][gc,heap     ] GC(10)   region size 1024K, 2 young (2048K), 2 survivors (2048K)
[2025-07-27T06:55:20.815-0400][7.132s][gc,heap     ] GC(10)  Metaspace       used 146K, committed 320K, reserved 1114112K
[2025-07-27T06:55:20.815-0400][7.132s][gc,heap     ] GC(10)   class space    used 8K, committed 128K, reserved 1048576K
[2025-07-27T06:55:20.815-0400][7.132s][gc          ] GC(10) Pause Young (Mixed) (G1 Evacuation Pause) 148M->127M(256M) 6.693ms
[2025-07-27T06:55:20.815-0400][7.132s][gc,cpu      ] GC(10) User=0.04s Sys=0.00s Real=0.01s
[2025-07-27T06:55:21.593-0400][7.910s][gc,start    ] GC(11) Pause Young (Concurrent Start) (G1 Evacuation Pause)
[2025-07-27T06:55:21.593-0400][7.910s][gc,heap     ] GC(11) Heap before GC invocations=11 (full 0):
[2025-07-27T06:55:21.593-0400][7.910s][gc,heap     ] GC(11)  garbage-first heap   total 262144K, used 193586K [0x00000000f0000000, 0x0000000100000000)
[2025-07-27T06:55:21.593-0400][7.910s][gc,heap     ] GC(11)   region size 1024K, 64 young (65536K), 2 survivors (2048K)
[2025-07-27T06:55:21.593-0400][7.910s][gc,heap     ] GC(11)  Metaspace       used 146K, committed 320K, reserved 1114112K
[2025-07-27T06:55:21.593-0400][7.910s][gc,heap     ] GC(11)   class space    used 8K, committed 128K, reserved 1048576K
[2025-07-27T06:55:21.593-0400][7.910s][gc,task     ] GC(11) Using 6 workers of 10 for evacuation
[2025-07-27T06:55:21.600-0400][7.917s][gc,phases   ] GC(11)   Pre Evacuate Collection Set: 0.4ms
[2025-07-27T06:55:21.600-0400][7.917s][gc,phases   ] GC(11)   Merge Heap Roots: 0.2ms
[2025-07-27T06:55:21.600-0400][7.917s][gc,phases   ] GC(11)   Evacuate Collection Set: 5.6ms
[2025-07-27T06:55:21.600-0400][7.917s][gc,phases   ] GC(11)   Post Evacuate Collection Set: 0.7ms
[2025-07-27T06:55:21.600-0400][7.917s][gc,phases   ] GC(11)   Other: 0.2ms
[2025-07-27T06:55:21.600-0400][7.917s][gc,heap     ] GC(11) Eden regions: 62->0(62)
[2025-07-27T06:55:21.600-0400][7.917s][gc,heap     ] GC(11) Survivor regions: 2->2(2)
[2025-07-27T06:55:21.600-0400][7.917s][gc,heap     ] GC(11) Old regions: 126->166
[2025-07-27T06:55:21.600-0400][7.917s][gc,heap     ] GC(11) Humongous regions: 0->0
[2025-07-27T06:55:21.600-0400][7.917s][gc,metaspace] GC(11) Metaspace: 146K(320K)->146K(320K) NonClass: 138K(192K)->138K(192K) Class: 8K(128K)->8K(128K)
[2025-07-27T06:55:21.600-0400][7.917s][gc,heap     ] GC(11) Heap after GC invocations=12 (full 0):
[2025-07-27T06:55:21.600-0400][7.917s][gc,heap     ] GC(11)  garbage-first heap   total 262144K, used 170546K [0x00000000f0000000, 0x0000000100000000)
[2025-07-27T06:55:21.600-0400][7.917s][gc,heap     ] GC(11)   region size 1024K, 2 young (2048K), 2 survivors (2048K)
[2025-07-27T06:55:21.600-0400][7.917s][gc,heap     ] GC(11)  Metaspace       used 146K, committed 320K, reserved 1114112K
[2025-07-27T06:55:21.600-0400][7.917s][gc,heap     ] GC(11)   class space    used 8K, committed 128K, reserved 1048576K
[2025-07-27T06:55:21.600-0400][7.917s][gc          ] GC(11) Pause Young (Concurrent Start) (G1 Evacuation Pause) 189M->166M(256M) 7.403ms
[2025-07-27T06:55:21.600-0400][7.917s][gc,cpu      ] GC(11) User=0.04s Sys=0.00s Real=0.00s
[2025-07-27T06:55:21.600-0400][7.917s][gc          ] GC(12) Concurrent Mark Cycle
[2025-07-27T06:55:21.600-0400][7.917s][gc,marking  ] GC(12) Concurrent Scan Root Regions
[2025-07-27T06:55:21.602-0400][7.919s][gc,marking  ] GC(12) Concurrent Scan Root Regions 1.492ms
[2025-07-27T06:55:21.602-0400][7.919s][gc,marking  ] GC(12) Concurrent Mark
[2025-07-27T06:55:21.602-0400][7.919s][gc,marking  ] GC(12) Concurrent Mark From Roots
[2025-07-27T06:55:21.602-0400][7.919s][gc,task     ] GC(12) Using 3 workers of 3 for marking
[2025-07-27T06:55:21.603-0400][7.920s][gc,marking  ] GC(12) Concurrent Mark From Roots 1.321ms
[2025-07-27T06:55:21.603-0400][7.920s][gc,marking  ] GC(12) Concurrent Preclean
[2025-07-27T06:55:21.603-0400][7.920s][gc,marking  ] GC(12) Concurrent Preclean 0.012ms
[2025-07-27T06:55:21.603-0400][7.920s][gc,start    ] GC(12) Pause Remark
[2025-07-27T06:55:21.605-0400][7.922s][gc          ] GC(12) Pause Remark 167M->48M(256M) 1.412ms
[2025-07-27T06:55:21.605-0400][7.922s][gc,cpu      ] GC(12) User=0.00s Sys=0.00s Real=0.00s
[2025-07-27T06:55:21.605-0400][7.922s][gc,marking  ] GC(12) Concurrent Mark 3.084ms
[2025-07-27T06:55:21.605-0400][7.922s][gc,marking  ] GC(12) Concurrent Rebuild Remembered Sets and Scrub Regions
[2025-07-27T06:55:21.607-0400][7.924s][gc,marking  ] GC(12) Concurrent Rebuild Remembered Sets and Scrub Regions 2.150ms
[2025-07-27T06:55:21.607-0400][7.924s][gc,start    ] GC(12) Pause Cleanup
[2025-07-27T06:55:21.608-0400][7.925s][gc          ] GC(12) Pause Cleanup 48M->48M(256M) 0.257ms
[2025-07-27T06:55:21.608-0400][7.925s][gc,cpu      ] GC(12) User=0.00s Sys=0.00s Real=0.00s
[2025-07-27T06:55:21.608-0400][7.925s][gc,marking  ] GC(12) Concurrent Clear Claimed Marks
[2025-07-27T06:55:21.608-0400][7.925s][gc,marking  ] GC(12) Concurrent Clear Claimed Marks 0.057ms
[2025-07-27T06:55:21.608-0400][7.925s][gc,marking  ] GC(12) Concurrent Cleanup for Next Mark
[2025-07-27T06:55:21.608-0400][7.925s][gc,marking  ] GC(12) Concurrent Cleanup for Next Mark 0.317ms
[2025-07-27T06:55:21.608-0400][7.925s][gc          ] GC(12) Concurrent Mark Cycle 7.988ms
[2025-07-27T06:55:22.361-0400][8.678s][gc,start    ] GC(13) Pause Young (Prepare Mixed) (G1 Evacuation Pause)
[2025-07-27T06:55:22.361-0400][8.678s][gc,heap     ] GC(13) Heap before GC invocations=13 (full 0):
[2025-07-27T06:55:22.361-0400][8.678s][gc,heap     ] GC(13)  garbage-first heap   total 262144K, used 112178K [0x00000000f0000000, 0x0000000100000000)
[2025-07-27T06:55:22.361-0400][8.678s][gc,heap     ] GC(13)   region size 1024K, 64 young (65536K), 2 survivors (2048K)
[2025-07-27T06:55:22.361-0400][8.678s][gc,heap     ] GC(13)  Metaspace       used 146K, committed 320K, reserved 1114112K
[2025-07-27T06:55:22.361-0400][8.678s][gc,heap     ] GC(13)   class space    used 8K, committed 128K, reserved 1048576K
[2025-07-27T06:55:22.361-0400][8.678s][gc,task     ] GC(13) Using 6 workers of 10 for evacuation
[2025-07-27T06:55:22.370-0400][8.687s][gc,phases   ] GC(13)   Pre Evacuate Collection Set: 0.6ms
[2025-07-27T06:55:22.370-0400][8.687s][gc,phases   ] GC(13)   Merge Heap Roots: 1.2ms
[2025-07-27T06:55:22.370-0400][8.687s][gc,phases   ] GC(13)   Evacuate Collection Set: 6.4ms
[2025-07-27T06:55:22.370-0400][8.687s][gc,phases   ] GC(13)   Post Evacuate Collection Set: 0.6ms
[2025-07-27T06:55:22.370-0400][8.687s][gc,phases   ] GC(13)   Other: 0.1ms
[2025-07-27T06:55:22.370-0400][8.687s][gc,heap     ] GC(13) Eden regions: 62->0(62)
[2025-07-27T06:55:22.370-0400][8.687s][gc,heap     ] GC(13) Survivor regions: 2->2(2)
[2025-07-27T06:55:22.370-0400][8.687s][gc,heap     ] GC(13) Old regions: 47->88
[2025-07-27T06:55:22.370-0400][8.687s][gc,heap     ] GC(13) Humongous regions: 0->0
[2025-07-27T06:55:22.370-0400][8.687s][gc,metaspace] GC(13) Metaspace: 146K(320K)->146K(320K) NonClass: 138K(192K)->138K(192K) Class: 8K(128K)->8K(128K)
[2025-07-27T06:55:22.370-0400][8.687s][gc,heap     ] GC(13) Heap after GC invocations=14 (full 0):
[2025-07-27T06:55:22.370-0400][8.687s][gc,heap     ] GC(13)  garbage-first heap   total 262144K, used 90674K [0x00000000f0000000, 0x0000000100000000)
[2025-07-27T06:55:22.370-0400][8.687s][gc,heap     ] GC(13)   region size 1024K, 2 young (2048K), 2 survivors (2048K)
[2025-07-27T06:55:22.370-0400][8.687s][gc,heap     ] GC(13)  Metaspace       used 146K, committed 320K, reserved 1114112K
[2025-07-27T06:55:22.370-0400][8.687s][gc,heap     ] GC(13)   class space    used 8K, committed 128K, reserved 1048576K
[2025-07-27T06:55:22.370-0400][8.687s][gc          ] GC(13) Pause Young (Prepare Mixed) (G1 Evacuation Pause) 109M->88M(256M) 9.307ms
[2025-07-27T06:55:22.370-0400][8.687s][gc,cpu      ] GC(13) User=0.04s Sys=0.00s Real=0.01s
[2025-07-27T06:55:23.142-0400][9.459s][gc,start    ] GC(14) Pause Young (Mixed) (G1 Evacuation Pause)
[2025-07-27T06:55:23.142-0400][9.459s][gc,heap     ] GC(14) Heap before GC invocations=14 (full 0):
[2025-07-27T06:55:23.142-0400][9.459s][gc,heap     ] GC(14)  garbage-first heap   total 262144K, used 154162K [0x00000000f0000000, 0x0000000100000000)
[2025-07-27T06:55:23.142-0400][9.459s][gc,heap     ] GC(14)   region size 1024K, 64 young (65536K), 2 survivors (2048K)
[2025-07-27T06:55:23.142-0400][9.459s][gc,heap     ] GC(14)  Metaspace       used 146K, committed 320K, reserved 1114112K
[2025-07-27T06:55:23.142-0400][9.459s][gc,heap     ] GC(14)   class space    used 8K, committed 128K, reserved 1048576K
[2025-07-27T06:55:23.142-0400][9.459s][gc,task     ] GC(14) Using 6 workers of 10 for evacuation
[2025-07-27T06:55:23.149-0400][9.466s][gc,phases   ] GC(14)   Pre Evacuate Collection Set: 0.2ms
[2025-07-27T06:55:23.149-0400][9.466s][gc,phases   ] GC(14)   Merge Heap Roots: 0.1ms
[2025-07-27T06:55:23.149-0400][9.466s][gc,phases   ] GC(14)   Evacuate Collection Set: 5.6ms
[2025-07-27T06:55:23.149-0400][9.466s][gc,phases   ] GC(14)   Post Evacuate Collection Set: 0.6ms
[2025-07-27T06:55:23.149-0400][9.466s][gc,phases   ] GC(14)   Other: 0.1ms
[2025-07-27T06:55:23.149-0400][9.466s][gc,heap     ] GC(14) Eden regions: 62->0(62)
[2025-07-27T06:55:23.149-0400][9.466s][gc,heap     ] GC(14) Survivor regions: 2->2(2)
[2025-07-27T06:55:23.149-0400][9.466s][gc,heap     ] GC(14) Old regions: 88->127
[2025-07-27T06:55:23.149-0400][9.466s][gc,heap     ] GC(14) Humongous regions: 0->0
[2025-07-27T06:55:23.149-0400][9.466s][gc,metaspace] GC(14) Metaspace: 146K(320K)->146K(320K) NonClass: 138K(192K)->138K(192K) Class: 8K(128K)->8K(128K)
[2025-07-27T06:55:23.149-0400][9.466s][gc,heap     ] GC(14) Heap after GC invocations=15 (full 0):
[2025-07-27T06:55:23.149-0400][9.466s][gc,heap     ] GC(14)  garbage-first heap   total 262144K, used 130610K [0x00000000f0000000, 0x0000000100000000)
[2025-07-27T06:55:23.149-0400][9.466s][gc,heap     ] GC(14)   region size 1024K, 2 young (2048K), 2 survivors (2048K)
[2025-07-27T06:55:23.149-0400][9.466s][gc,heap     ] GC(14)  Metaspace       used 146K, committed 320K, reserved 1114112K
[2025-07-27T06:55:23.149-0400][9.466s][gc,heap     ] GC(14)   class space    used 8K, committed 128K, reserved 1048576K
[2025-07-27T06:55:23.149-0400][9.466s][gc          ] GC(14) Pause Young (Mixed) (G1 Evacuation Pause) 150M->127M(256M) 6.863ms
[2025-07-27T06:55:23.149-0400][9.466s][gc,cpu      ] GC(14) User=0.02s Sys=0.01s Real=0.01s
[2025-07-27T06:55:23.950-0400][10.267s][gc,start    ] GC(15) Pause Young (Concurrent Start) (G1 Evacuation Pause)
[2025-07-27T06:55:23.950-0400][10.267s][gc,heap     ] GC(15) Heap before GC invocations=15 (full 0):
[2025-07-27T06:55:23.950-0400][10.267s][gc,heap     ] GC(15)  garbage-first heap   total 262144K, used 194098K [0x00000000f0000000, 0x0000000100000000)
[2025-07-27T06:55:23.950-0400][10.267s][gc,heap     ] GC(15)   region size 1024K, 64 young (65536K), 2 survivors (2048K)
[2025-07-27T06:55:23.950-0400][10.267s][gc,heap     ] GC(15)  Metaspace       used 146K, committed 320K, reserved 1114112K
[2025-07-27T06:55:23.950-0400][10.267s][gc,heap     ] GC(15)   class space    used 8K, committed 128K, reserved 1048576K
[2025-07-27T06:55:23.950-0400][10.267s][gc,task     ] GC(15) Using 6 workers of 10 for evacuation
[2025-07-27T06:55:23.959-0400][10.276s][gc,phases   ] GC(15)   Pre Evacuate Collection Set: 0.9ms
[2025-07-27T06:55:23.959-0400][10.276s][gc,phases   ] GC(15)   Merge Heap Roots: 0.4ms
[2025-07-27T06:55:23.959-0400][10.276s][gc,phases   ] GC(15)   Evacuate Collection Set: 6.3ms
[2025-07-27T06:55:23.959-0400][10.276s][gc,phases   ] GC(15)   Post Evacuate Collection Set: 0.7ms
[2025-07-27T06:55:23.959-0400][10.276s][gc,phases   ] GC(15)   Other: 0.2ms
[2025-07-27T06:55:23.959-0400][10.276s][gc,heap     ] GC(15) Eden regions: 62->0(62)
[2025-07-27T06:55:23.959-0400][10.276s][gc,heap     ] GC(15) Survivor regions: 2->2(2)
[2025-07-27T06:55:23.959-0400][10.276s][gc,heap     ] GC(15) Old regions: 127->164
[2025-07-27T06:55:23.959-0400][10.276s][gc,heap     ] GC(15) Humongous regions: 0->0
[2025-07-27T06:55:23.959-0400][10.276s][gc,metaspace] GC(15) Metaspace: 146K(320K)->146K(320K) NonClass: 138K(192K)->138K(192K) Class: 8K(128K)->8K(128K)
[2025-07-27T06:55:23.959-0400][10.276s][gc,heap     ] GC(15) Heap after GC invocations=16 (full 0):
[2025-07-27T06:55:23.959-0400][10.276s][gc,heap     ] GC(15)  garbage-first heap   total 262144K, used 168498K [0x00000000f0000000, 0x0000000100000000)
[2025-07-27T06:55:23.959-0400][10.276s][gc,heap     ] GC(15)   region size 1024K, 2 young (2048K), 2 survivors (2048K)
[2025-07-27T06:55:23.959-0400][10.276s][gc,heap     ] GC(15)  Metaspace       used 146K, committed 320K, reserved 1114112K
[2025-07-27T06:55:23.959-0400][10.276s][gc,heap     ] GC(15)   class space    used 8K, committed 128K, reserved 1048576K
[2025-07-27T06:55:23.959-0400][10.276s][gc          ] GC(15) Pause Young (Concurrent Start) (G1 Evacuation Pause) 189M->164M(256M) 9.019ms
[2025-07-27T06:55:23.959-0400][10.276s][gc,cpu      ] GC(15) User=0.03s Sys=0.00s Real=0.01s
[2025-07-27T06:55:23.959-0400][10.276s][gc          ] GC(16) Concurrent Mark Cycle
[2025-07-27T06:55:23.959-0400][10.276s][gc,marking  ] GC(16) Concurrent Scan Root Regions
[2025-07-27T06:55:23.960-0400][10.278s][gc,marking  ] GC(16) Concurrent Scan Root Regions 1.619ms
[2025-07-27T06:55:23.960-0400][10.278s][gc,marking  ] GC(16) Concurrent Mark
[2025-07-27T06:55:23.960-0400][10.278s][gc,marking  ] GC(16) Concurrent Mark From Roots
[2025-07-27T06:55:23.960-0400][10.278s][gc,task     ] GC(16) Using 3 workers of 3 for marking
[2025-07-27T06:55:23.962-0400][10.279s][gc,marking  ] GC(16) Concurrent Mark From Roots 1.243ms
[2025-07-27T06:55:23.962-0400][10.279s][gc,marking  ] GC(16) Concurrent Preclean
[2025-07-27T06:55:23.962-0400][10.279s][gc,marking  ] GC(16) Concurrent Preclean 0.014ms
[2025-07-27T06:55:23.962-0400][10.279s][gc,start    ] GC(16) Pause Remark
[2025-07-27T06:55:23.963-0400][10.280s][gc          ] GC(16) Pause Remark 166M->47M(256M) 1.492ms
[2025-07-27T06:55:23.963-0400][10.281s][gc,cpu      ] GC(16) User=0.00s Sys=0.00s Real=0.01s
[2025-07-27T06:55:23.963-0400][10.281s][gc,marking  ] GC(16) Concurrent Mark 3.017ms
[2025-07-27T06:55:23.964-0400][10.281s][gc,marking  ] GC(16) Concurrent Rebuild Remembered Sets and Scrub Regions
[2025-07-27T06:55:23.965-0400][10.282s][gc,marking  ] GC(16) Concurrent Rebuild Remembered Sets and Scrub Regions 1.370ms
[2025-07-27T06:55:23.965-0400][10.282s][gc,start    ] GC(16) Pause Cleanup
[2025-07-27T06:55:23.965-0400][10.282s][gc          ] GC(16) Pause Cleanup 47M->47M(256M) 0.173ms
[2025-07-27T06:55:23.965-0400][10.282s][gc,cpu      ] GC(16) User=0.00s Sys=0.00s Real=0.00s
[2025-07-27T06:55:23.965-0400][10.282s][gc,marking  ] GC(16) Concurrent Clear Claimed Marks
[2025-07-27T06:55:23.965-0400][10.283s][gc,marking  ] GC(16) Concurrent Clear Claimed Marks 0.044ms
[2025-07-27T06:55:23.965-0400][10.283s][gc,marking  ] GC(16) Concurrent Cleanup for Next Mark
[2025-07-27T06:55:23.966-0400][10.283s][gc,marking  ] GC(16) Concurrent Cleanup for Next Mark 0.294ms
[2025-07-27T06:55:23.966-0400][10.283s][gc          ] GC(16) Concurrent Mark Cycle 6.977ms
[2025-07-27T06:55:24.755-0400][11.072s][gc,start    ] GC(17) Pause Young (Prepare Mixed) (G1 Evacuation Pause)
[2025-07-27T06:55:24.755-0400][11.072s][gc,heap     ] GC(17) Heap before GC invocations=17 (full 0):
[2025-07-27T06:55:24.755-0400][11.072s][gc,heap     ] GC(17)  garbage-first heap   total 262144K, used 110130K [0x00000000f0000000, 0x0000000100000000)
[2025-07-27T06:55:24.755-0400][11.072s][gc,heap     ] GC(17)   region size 1024K, 64 young (65536K), 2 survivors (2048K)
[2025-07-27T06:55:24.755-0400][11.072s][gc,heap     ] GC(17)  Metaspace       used 146K, committed 320K, reserved 1114112K
[2025-07-27T06:55:24.755-0400][11.072s][gc,heap     ] GC(17)   class space    used 8K, committed 128K, reserved 1048576K
[2025-07-27T06:55:24.755-0400][11.072s][gc,task     ] GC(17) Using 6 workers of 10 for evacuation
[2025-07-27T06:55:24.762-0400][11.079s][gc,phases   ] GC(17)   Pre Evacuate Collection Set: 0.4ms
[2025-07-27T06:55:24.762-0400][11.079s][gc,phases   ] GC(17)   Merge Heap Roots: 0.1ms
[2025-07-27T06:55:24.762-0400][11.079s][gc,phases   ] GC(17)   Evacuate Collection Set: 5.5ms
[2025-07-27T06:55:24.762-0400][11.079s][gc,phases   ] GC(17)   Post Evacuate Collection Set: 0.8ms
[2025-07-27T06:55:24.762-0400][11.079s][gc,phases   ] GC(17)   Other: 0.1ms
[2025-07-27T06:55:24.762-0400][11.079s][gc,heap     ] GC(17) Eden regions: 62->0(62)
[2025-07-27T06:55:24.762-0400][11.079s][gc,heap     ] GC(17) Survivor regions: 2->2(2)
[2025-07-27T06:55:24.762-0400][11.079s][gc,heap     ] GC(17) Old regions: 45->84
[2025-07-27T06:55:24.762-0400][11.079s][gc,heap     ] GC(17) Humongous regions: 0->0
[2025-07-27T06:55:24.762-0400][11.079s][gc,metaspace] GC(17) Metaspace: 146K(320K)->146K(320K) NonClass: 138K(192K)->138K(192K) Class: 8K(128K)->8K(128K)
[2025-07-27T06:55:24.762-0400][11.079s][gc,heap     ] GC(17) Heap after GC invocations=18 (full 0):
[2025-07-27T06:55:24.762-0400][11.079s][gc,heap     ] GC(17)  garbage-first heap   total 262144K, used 86578K [0x00000000f0000000, 0x0000000100000000)
[2025-07-27T06:55:24.762-0400][11.079s][gc,heap     ] GC(17)   region size 1024K, 2 young (2048K), 2 survivors (2048K)
[2025-07-27T06:55:24.762-0400][11.079s][gc,heap     ] GC(17)  Metaspace       used 146K, committed 320K, reserved 1114112K
[2025-07-27T06:55:24.762-0400][11.079s][gc,heap     ] GC(17)   class space    used 8K, committed 128K, reserved 1048576K
[2025-07-27T06:55:24.762-0400][11.079s][gc          ] GC(17) Pause Young (Prepare Mixed) (G1 Evacuation Pause) 107M->84M(256M) 7.025ms
[2025-07-27T06:55:24.762-0400][11.079s][gc,cpu      ] GC(17) User=0.03s Sys=0.00s Real=0.00s
[2025-07-27T06:55:25.553-0400][11.870s][gc,start    ] GC(18) Pause Young (Mixed) (G1 Evacuation Pause)
[2025-07-27T06:55:25.553-0400][11.870s][gc,heap     ] GC(18) Heap before GC invocations=18 (full 0):
[2025-07-27T06:55:25.553-0400][11.870s][gc,heap     ] GC(18)  garbage-first heap   total 262144K, used 150066K [0x00000000f0000000, 0x0000000100000000)
[2025-07-27T06:55:25.553-0400][11.870s][gc,heap     ] GC(18)   region size 1024K, 64 young (65536K), 2 survivors (2048K)
[2025-07-27T06:55:25.553-0400][11.870s][gc,heap     ] GC(18)  Metaspace       used 146K, committed 320K, reserved 1114112K
[2025-07-27T06:55:25.553-0400][11.870s][gc,heap     ] GC(18)   class space    used 8K, committed 128K, reserved 1048576K
[2025-07-27T06:55:25.553-0400][11.870s][gc,task     ] GC(18) Using 6 workers of 10 for evacuation
[2025-07-27T06:55:25.562-0400][11.879s][gc,phases   ] GC(18)   Pre Evacuate Collection Set: 0.8ms
[2025-07-27T06:55:25.562-0400][11.879s][gc,phases   ] GC(18)   Merge Heap Roots: 0.3ms
[2025-07-27T06:55:25.562-0400][11.879s][gc,phases   ] GC(18)   Evacuate Collection Set: 6.8ms
[2025-07-27T06:55:25.562-0400][11.879s][gc,phases   ] GC(18)   Post Evacuate Collection Set: 0.8ms
[2025-07-27T06:55:25.562-0400][11.879s][gc,phases   ] GC(18)   Other: 0.1ms
[2025-07-27T06:55:25.562-0400][11.879s][gc,heap     ] GC(18) Eden regions: 62->0(62)
[2025-07-27T06:55:25.562-0400][11.879s][gc,heap     ] GC(18) Survivor regions: 2->2(2)
[2025-07-27T06:55:25.562-0400][11.879s][gc,heap     ] GC(18) Old regions: 84->123
[2025-07-27T06:55:25.562-0400][11.879s][gc,heap     ] GC(18) Humongous regions: 0->0
[2025-07-27T06:55:25.562-0400][11.879s][gc,metaspace] GC(18) Metaspace: 146K(320K)->146K(320K) NonClass: 138K(192K)->138K(192K) Class: 8K(128K)->8K(128K)
[2025-07-27T06:55:25.562-0400][11.879s][gc,heap     ] GC(18) Heap after GC invocations=19 (full 0):
[2025-07-27T06:55:25.562-0400][11.879s][gc,heap     ] GC(18)  garbage-first heap   total 262144K, used 126514K [0x00000000f0000000, 0x0000000100000000)
[2025-07-27T06:55:25.562-0400][11.879s][gc,heap     ] GC(18)   region size 1024K, 2 young (2048K), 2 survivors (2048K)
[2025-07-27T06:55:25.562-0400][11.879s][gc,heap     ] GC(18)  Metaspace       used 146K, committed 320K, reserved 1114112K
[2025-07-27T06:55:25.562-0400][11.879s][gc,heap     ] GC(18)   class space    used 8K, committed 128K, reserved 1048576K
[2025-07-27T06:55:25.562-0400][11.879s][gc          ] GC(18) Pause Young (Mixed) (G1 Evacuation Pause) 146M->123M(256M) 9.195ms
[2025-07-27T06:55:25.562-0400][11.879s][gc,cpu      ] GC(18) User=0.04s Sys=0.01s Real=0.00s
[2025-07-27T06:55:26.318-0400][12.635s][gc,start    ] GC(19) Pause Young (Concurrent Start) (G1 Evacuation Pause)
[2025-07-27T06:55:26.318-0400][12.635s][gc,heap     ] GC(19) Heap before GC invocations=19 (full 0):
[2025-07-27T06:55:26.318-0400][12.635s][gc,heap     ] GC(19)  garbage-first heap   total 262144K, used 190002K [0x00000000f0000000, 0x0000000100000000)
[2025-07-27T06:55:26.318-0400][12.635s][gc,heap     ] GC(19)   region size 1024K, 64 young (65536K), 2 survivors (2048K)
[2025-07-27T06:55:26.318-0400][12.635s][gc,heap     ] GC(19)  Metaspace       used 146K, committed 320K, reserved 1114112K
[2025-07-27T06:55:26.318-0400][12.635s][gc,heap     ] GC(19)   class space    used 8K, committed 128K, reserved 1048576K
[2025-07-27T06:55:26.318-0400][12.635s][gc,task     ] GC(19) Using 6 workers of 10 for evacuation
[2025-07-27T06:55:26.326-0400][12.643s][gc,phases   ] GC(19)   Pre Evacuate Collection Set: 0.3ms
[2025-07-27T06:55:26.326-0400][12.643s][gc,phases   ] GC(19)   Merge Heap Roots: 0.1ms
[2025-07-27T06:55:26.326-0400][12.643s][gc,phases   ] GC(19)   Evacuate Collection Set: 6.6ms
[2025-07-27T06:55:26.326-0400][12.643s][gc,phases   ] GC(19)   Post Evacuate Collection Set: 0.4ms
[2025-07-27T06:55:26.326-0400][12.643s][gc,phases   ] GC(19)   Other: 0.1ms
[2025-07-27T06:55:26.326-0400][12.643s][gc,heap     ] GC(19) Eden regions: 62->0(62)
[2025-07-27T06:55:26.326-0400][12.643s][gc,heap     ] GC(19) Survivor regions: 2->2(2)
[2025-07-27T06:55:26.326-0400][12.643s][gc,heap     ] GC(19) Old regions: 123->163
[2025-07-27T06:55:26.326-0400][12.643s][gc,heap     ] GC(19) Humongous regions: 0->0
[2025-07-27T06:55:26.326-0400][12.643s][gc,metaspace] GC(19) Metaspace: 146K(320K)->146K(320K) NonClass: 138K(192K)->138K(192K) Class: 8K(128K)->8K(128K)
[2025-07-27T06:55:26.326-0400][12.643s][gc,heap     ] GC(19) Heap after GC invocations=20 (full 0):
[2025-07-27T06:55:26.326-0400][12.643s][gc,heap     ] GC(19)  garbage-first heap   total 262144K, used 167474K [0x00000000f0000000, 0x0000000100000000)
[2025-07-27T06:55:26.326-0400][12.643s][gc,heap     ] GC(19)   region size 1024K, 2 young (2048K), 2 survivors (2048K)
[2025-07-27T06:55:26.326-0400][12.643s][gc,heap     ] GC(19)  Metaspace       used 146K, committed 320K, reserved 1114112K
[2025-07-27T06:55:26.326-0400][12.643s][gc,heap     ] GC(19)   class space    used 8K, committed 128K, reserved 1048576K
[2025-07-27T06:55:26.326-0400][12.643s][gc          ] GC(19) Pause Young (Concurrent Start) (G1 Evacuation Pause) 185M->163M(256M) 7.820ms
[2025-07-27T06:55:26.326-0400][12.643s][gc,cpu      ] GC(19) User=0.03s Sys=0.00s Real=0.01s
[2025-07-27T06:55:26.326-0400][12.643s][gc          ] GC(20) Concurrent Mark Cycle
[2025-07-27T06:55:26.326-0400][12.643s][gc,marking  ] GC(20) Concurrent Scan Root Regions
[2025-07-27T06:55:26.328-0400][12.645s][gc,marking  ] GC(20) Concurrent Scan Root Regions 1.921ms
[2025-07-27T06:55:26.328-0400][12.645s][gc,marking  ] GC(20) Concurrent Mark
[2025-07-27T06:55:26.328-0400][12.645s][gc,marking  ] GC(20) Concurrent Mark From Roots
[2025-07-27T06:55:26.328-0400][12.645s][gc,task     ] GC(20) Using 3 workers of 3 for marking
[2025-07-27T06:55:26.330-0400][12.647s][gc,marking  ] GC(20) Concurrent Mark From Roots 1.761ms
[2025-07-27T06:55:26.330-0400][12.647s][gc,marking  ] GC(20) Concurrent Preclean
[2025-07-27T06:55:26.330-0400][12.647s][gc,marking  ] GC(20) Concurrent Preclean 0.018ms
[2025-07-27T06:55:26.330-0400][12.647s][gc,start    ] GC(20) Pause Remark
[2025-07-27T06:55:26.331-0400][12.648s][gc          ] GC(20) Pause Remark 164M->49M(256M) 1.056ms
[2025-07-27T06:55:26.331-0400][12.648s][gc,cpu      ] GC(20) User=0.01s Sys=0.00s Real=0.00s
[2025-07-27T06:55:26.331-0400][12.648s][gc,marking  ] GC(20) Concurrent Mark 3.085ms
[2025-07-27T06:55:26.331-0400][12.648s][gc,marking  ] GC(20) Concurrent Rebuild Remembered Sets and Scrub Regions
[2025-07-27T06:55:26.333-0400][12.651s][gc,marking  ] GC(20) Concurrent Rebuild Remembered Sets and Scrub Regions 2.330ms
[2025-07-27T06:55:26.334-0400][12.651s][gc,start    ] GC(20) Pause Cleanup
[2025-07-27T06:55:26.334-0400][12.651s][gc          ] GC(20) Pause Cleanup 49M->49M(256M) 0.170ms
[2025-07-27T06:55:26.334-0400][12.651s][gc,cpu      ] GC(20) User=0.00s Sys=0.00s Real=0.00s
[2025-07-27T06:55:26.334-0400][12.651s][gc,marking  ] GC(20) Concurrent Clear Claimed Marks
[2025-07-27T06:55:26.334-0400][12.651s][gc,marking  ] GC(20) Concurrent Clear Claimed Marks 0.051ms
[2025-07-27T06:55:26.334-0400][12.651s][gc,marking  ] GC(20) Concurrent Cleanup for Next Mark
[2025-07-27T06:55:26.334-0400][12.651s][gc,marking  ] GC(20) Concurrent Cleanup for Next Mark 0.290ms
[2025-07-27T06:55:26.334-0400][12.651s][gc          ] GC(20) Concurrent Mark Cycle 8.352ms
[2025-07-27T06:55:27.071-0400][13.388s][gc,start    ] GC(21) Pause Young (Prepare Mixed) (G1 Evacuation Pause)
[2025-07-27T06:55:27.071-0400][13.388s][gc,heap     ] GC(21) Heap before GC invocations=21 (full 0):
[2025-07-27T06:55:27.071-0400][13.388s][gc,heap     ] GC(21)  garbage-first heap   total 262144K, used 113202K [0x00000000f0000000, 0x0000000100000000)
[2025-07-27T06:55:27.071-0400][13.388s][gc,heap     ] GC(21)   region size 1024K, 64 young (65536K), 2 survivors (2048K)
[2025-07-27T06:55:27.071-0400][13.388s][gc,heap     ] GC(21)  Metaspace       used 146K, committed 320K, reserved 1114112K
[2025-07-27T06:55:27.071-0400][13.388s][gc,heap     ] GC(21)   class space    used 8K, committed 128K, reserved 1048576K
[2025-07-27T06:55:27.071-0400][13.388s][gc,task     ] GC(21) Using 6 workers of 10 for evacuation
[2025-07-27T06:55:27.078-0400][13.396s][gc,phases   ] GC(21)   Pre Evacuate Collection Set: 0.4ms
[2025-07-27T06:55:27.079-0400][13.396s][gc,phases   ] GC(21)   Merge Heap Roots: 0.2ms
[2025-07-27T06:55:27.079-0400][13.396s][gc,phases   ] GC(21)   Evacuate Collection Set: 6.4ms
[2025-07-27T06:55:27.079-0400][13.396s][gc,phases   ] GC(21)   Post Evacuate Collection Set: 0.7ms
[2025-07-27T06:55:27.079-0400][13.396s][gc,phases   ] GC(21)   Other: 0.1ms
[2025-07-27T06:55:27.079-0400][13.396s][gc,heap     ] GC(21) Eden regions: 62->0(62)
[2025-07-27T06:55:27.079-0400][13.396s][gc,heap     ] GC(21) Survivor regions: 2->2(2)
[2025-07-27T06:55:27.079-0400][13.396s][gc,heap     ] GC(21) Old regions: 48->90
[2025-07-27T06:55:27.079-0400][13.396s][gc,heap     ] GC(21) Humongous regions: 0->0
[2025-07-27T06:55:27.079-0400][13.396s][gc,metaspace] GC(21) Metaspace: 146K(320K)->146K(320K) NonClass: 138K(192K)->138K(192K) Class: 8K(128K)->8K(128K)
[2025-07-27T06:55:27.079-0400][13.396s][gc,heap     ] GC(21) Heap after GC invocations=22 (full 0):
[2025-07-27T06:55:27.079-0400][13.396s][gc,heap     ] GC(21)  garbage-first heap   total 262144K, used 93234K [0x00000000f0000000, 0x0000000100000000)
[2025-07-27T06:55:27.079-0400][13.396s][gc,heap     ] GC(21)   region size 1024K, 2 young (2048K), 2 survivors (2048K)
[2025-07-27T06:55:27.079-0400][13.396s][gc,heap     ] GC(21)  Metaspace       used 146K, committed 320K, reserved 1114112K
[2025-07-27T06:55:27.079-0400][13.396s][gc,heap     ] GC(21)   class space    used 8K, committed 128K, reserved 1048576K
[2025-07-27T06:55:27.079-0400][13.396s][gc          ] GC(21) Pause Young (Prepare Mixed) (G1 Evacuation Pause) 110M->91M(256M) 8.155ms
[2025-07-27T06:55:27.079-0400][13.396s][gc,cpu      ] GC(21) User=0.04s Sys=0.00s Real=0.01s
[2025-07-27T06:55:27.864-0400][14.181s][gc,start    ] GC(22) Pause Young (Mixed) (G1 Evacuation Pause)
[2025-07-27T06:55:27.865-0400][14.182s][gc,heap     ] GC(22) Heap before GC invocations=22 (full 0):
[2025-07-27T06:55:27.865-0400][14.182s][gc,heap     ] GC(22)  garbage-first heap   total 262144K, used 156722K [0x00000000f0000000, 0x0000000100000000)
[2025-07-27T06:55:27.865-0400][14.182s][gc,heap     ] GC(22)   region size 1024K, 64 young (65536K), 2 survivors (2048K)
[2025-07-27T06:55:27.865-0400][14.182s][gc,heap     ] GC(22)  Metaspace       used 146K, committed 320K, reserved 1114112K
[2025-07-27T06:55:27.865-0400][14.182s][gc,heap     ] GC(22)   class space    used 8K, committed 128K, reserved 1048576K
[2025-07-27T06:55:27.865-0400][14.182s][gc,task     ] GC(22) Using 6 workers of 10 for evacuation
[2025-07-27T06:55:27.873-0400][14.191s][gc,phases   ] GC(22)   Pre Evacuate Collection Set: 0.9ms
[2025-07-27T06:55:27.873-0400][14.191s][gc,phases   ] GC(22)   Merge Heap Roots: 0.3ms
[2025-07-27T06:55:27.873-0400][14.191s][gc,phases   ] GC(22)   Evacuate Collection Set: 6.7ms
[2025-07-27T06:55:27.874-0400][14.191s][gc,phases   ] GC(22)   Post Evacuate Collection Set: 0.7ms
[2025-07-27T06:55:27.874-0400][14.191s][gc,phases   ] GC(22)   Other: 0.1ms
[2025-07-27T06:55:27.874-0400][14.191s][gc,heap     ] GC(22) Eden regions: 62->0(62)
[2025-07-27T06:55:27.874-0400][14.191s][gc,heap     ] GC(22) Survivor regions: 2->2(2)
[2025-07-27T06:55:27.874-0400][14.191s][gc,heap     ] GC(22) Old regions: 90->129
[2025-07-27T06:55:27.874-0400][14.191s][gc,heap     ] GC(22) Humongous regions: 0->0
[2025-07-27T06:55:27.874-0400][14.191s][gc,metaspace] GC(22) Metaspace: 146K(320K)->146K(320K) NonClass: 138K(192K)->138K(192K) Class: 8K(128K)->8K(128K)
[2025-07-27T06:55:27.874-0400][14.191s][gc,heap     ] GC(22) Heap after GC invocations=23 (full 0):
[2025-07-27T06:55:27.874-0400][14.191s][gc,heap     ] GC(22)  garbage-first heap   total 262144K, used 132658K [0x00000000f0000000, 0x0000000100000000)
[2025-07-27T06:55:27.874-0400][14.191s][gc,heap     ] GC(22)   region size 1024K, 2 young (2048K), 2 survivors (2048K)
[2025-07-27T06:55:27.874-0400][14.191s][gc,heap     ] GC(22)  Metaspace       used 146K, committed 320K, reserved 1114112K
[2025-07-27T06:55:27.874-0400][14.191s][gc,heap     ] GC(22)   class space    used 8K, committed 128K, reserved 1048576K
[2025-07-27T06:55:27.874-0400][14.191s][gc          ] GC(22) Pause Young (Mixed) (G1 Evacuation Pause) 153M->129M(256M) 9.211ms
[2025-07-27T06:55:27.874-0400][14.191s][gc,cpu      ] GC(22) User=0.04s Sys=0.00s Real=0.01s
[2025-07-27T06:55:28.650-0400][14.967s][gc,start    ] GC(23) Pause Young (Concurrent Start) (G1 Evacuation Pause)
[2025-07-27T06:55:28.650-0400][14.967s][gc,heap     ] GC(23) Heap before GC invocations=23 (full 0):
[2025-07-27T06:55:28.650-0400][14.967s][gc,heap     ] GC(23)  garbage-first heap   total 262144K, used 196146K [0x00000000f0000000, 0x0000000100000000)
[2025-07-27T06:55:28.650-0400][14.967s][gc,heap     ] GC(23)   region size 1024K, 64 young (65536K), 2 survivors (2048K)
[2025-07-27T06:55:28.650-0400][14.967s][gc,heap     ] GC(23)  Metaspace       used 146K, committed 320K, reserved 1114112K
[2025-07-27T06:55:28.650-0400][14.967s][gc,heap     ] GC(23)   class space    used 8K, committed 128K, reserved 1048576K
[2025-07-27T06:55:28.650-0400][14.967s][gc,task     ] GC(23) Using 6 workers of 10 for evacuation
[2025-07-27T06:55:28.657-0400][14.975s][gc,phases   ] GC(23)   Pre Evacuate Collection Set: 0.4ms
[2025-07-27T06:55:28.657-0400][14.975s][gc,phases   ] GC(23)   Merge Heap Roots: 0.2ms
[2025-07-27T06:55:28.657-0400][14.975s][gc,phases   ] GC(23)   Evacuate Collection Set: 5.7ms
[2025-07-27T06:55:28.657-0400][14.975s][gc,phases   ] GC(23)   Post Evacuate Collection Set: 0.6ms
[2025-07-27T06:55:28.657-0400][14.975s][gc,phases   ] GC(23)   Other: 0.2ms
[2025-07-27T06:55:28.657-0400][14.975s][gc,heap     ] GC(23) Eden regions: 62->0(62)
[2025-07-27T06:55:28.657-0400][14.975s][gc,heap     ] GC(23) Survivor regions: 2->2(2)
[2025-07-27T06:55:28.657-0400][14.975s][gc,heap     ] GC(23) Old regions: 129->168
[2025-07-27T06:55:28.657-0400][14.975s][gc,heap     ] GC(23) Humongous regions: 0->0
[2025-07-27T06:55:28.657-0400][14.975s][gc,metaspace] GC(23) Metaspace: 146K(320K)->146K(320K) NonClass: 138K(192K)->138K(192K) Class: 8K(128K)->8K(128K)
[2025-07-27T06:55:28.658-0400][14.975s][gc,heap     ] GC(23) Heap after GC invocations=24 (full 0):
[2025-07-27T06:55:28.658-0400][14.975s][gc,heap     ] GC(23)  garbage-first heap   total 262144K, used 173106K [0x00000000f0000000, 0x0000000100000000)
[2025-07-27T06:55:28.658-0400][14.975s][gc,heap     ] GC(23)   region size 1024K, 2 young (2048K), 2 survivors (2048K)
[2025-07-27T06:55:28.658-0400][14.975s][gc,heap     ] GC(23)  Metaspace       used 146K, committed 320K, reserved 1114112K
[2025-07-27T06:55:28.658-0400][14.975s][gc,heap     ] GC(23)   class space    used 8K, committed 128K, reserved 1048576K
[2025-07-27T06:55:28.658-0400][14.975s][gc          ] GC(23) Pause Young (Concurrent Start) (G1 Evacuation Pause) 191M->169M(256M) 7.328ms
[2025-07-27T06:55:28.658-0400][14.975s][gc,cpu      ] GC(23) User=0.03s Sys=0.00s Real=0.01s
[2025-07-27T06:55:28.658-0400][14.975s][gc          ] GC(24) Concurrent Mark Cycle
[2025-07-27T06:55:28.658-0400][14.975s][gc,marking  ] GC(24) Concurrent Scan Root Regions
[2025-07-27T06:55:28.659-0400][14.976s][gc,marking  ] GC(24) Concurrent Scan Root Regions 1.552ms
[2025-07-27T06:55:28.659-0400][14.976s][gc,marking  ] GC(24) Concurrent Mark
[2025-07-27T06:55:28.659-0400][14.976s][gc,marking  ] GC(24) Concurrent Mark From Roots
[2025-07-27T06:55:28.659-0400][14.976s][gc,task     ] GC(24) Using 3 workers of 3 for marking
[2025-07-27T06:55:28.660-0400][14.977s][gc,marking  ] GC(24) Concurrent Mark From Roots 1.184ms
[2025-07-27T06:55:28.660-0400][14.978s][gc,marking  ] GC(24) Concurrent Preclean
[2025-07-27T06:55:28.660-0400][14.978s][gc,marking  ] GC(24) Concurrent Preclean 0.012ms
[2025-07-27T06:55:28.661-0400][14.978s][gc,start    ] GC(24) Pause Remark
[2025-07-27T06:55:28.662-0400][14.979s][gc          ] GC(24) Pause Remark 170M->49M(256M) 1.604ms
[2025-07-27T06:55:28.662-0400][14.979s][gc,cpu      ] GC(24) User=0.00s Sys=0.00s Real=0.01s
[2025-07-27T06:55:28.662-0400][14.979s][gc,marking  ] GC(24) Concurrent Mark 3.160ms
[2025-07-27T06:55:28.662-0400][14.979s][gc,marking  ] GC(24) Concurrent Rebuild Remembered Sets and Scrub Regions
[2025-07-27T06:55:28.664-0400][14.981s][gc,marking  ] GC(24) Concurrent Rebuild Remembered Sets and Scrub Regions 1.841ms
[2025-07-27T06:55:28.664-0400][14.981s][gc,start    ] GC(24) Pause Cleanup
[2025-07-27T06:55:28.665-0400][14.982s][gc          ] GC(24) Pause Cleanup 49M->49M(256M) 0.180ms
[2025-07-27T06:55:28.665-0400][14.982s][gc,cpu      ] GC(24) User=0.00s Sys=0.00s Real=0.00s
[2025-07-27T06:55:28.665-0400][14.982s][gc,marking  ] GC(24) Concurrent Clear Claimed Marks
[2025-07-27T06:55:28.665-0400][14.982s][gc,marking  ] GC(24) Concurrent Clear Claimed Marks 0.046ms
[2025-07-27T06:55:28.665-0400][14.982s][gc,marking  ] GC(24) Concurrent Cleanup for Next Mark
[2025-07-27T06:55:28.665-0400][14.982s][gc,marking  ] GC(24) Concurrent Cleanup for Next Mark 0.236ms
[2025-07-27T06:55:28.665-0400][14.982s][gc          ] GC(24) Concurrent Mark Cycle 7.423ms
[2025-07-27T06:55:29.418-0400][15.736s][gc,start    ] GC(25) Pause Young (Prepare Mixed) (G1 Evacuation Pause)
[2025-07-27T06:55:29.419-0400][15.736s][gc,heap     ] GC(25) Heap before GC invocations=25 (full 0):
[2025-07-27T06:55:29.419-0400][15.736s][gc,heap     ] GC(25)  garbage-first heap   total 262144K, used 112690K [0x00000000f0000000, 0x0000000100000000)
[2025-07-27T06:55:29.419-0400][15.736s][gc,heap     ] GC(25)   region size 1024K, 64 young (65536K), 2 survivors (2048K)
[2025-07-27T06:55:29.419-0400][15.736s][gc,heap     ] GC(25)  Metaspace       used 146K, committed 320K, reserved 1114112K
[2025-07-27T06:55:29.419-0400][15.736s][gc,heap     ] GC(25)   class space    used 8K, committed 128K, reserved 1048576K
[2025-07-27T06:55:29.419-0400][15.736s][gc,task     ] GC(25) Using 6 workers of 10 for evacuation
[2025-07-27T06:55:29.427-0400][15.744s][gc,phases   ] GC(25)   Pre Evacuate Collection Set: 0.6ms
[2025-07-27T06:55:29.427-0400][15.744s][gc,phases   ] GC(25)   Merge Heap Roots: 0.2ms
[2025-07-27T06:55:29.427-0400][15.744s][gc,phases   ] GC(25)   Evacuate Collection Set: 6.3ms
[2025-07-27T06:55:29.427-0400][15.744s][gc,phases   ] GC(25)   Post Evacuate Collection Set: 0.7ms
[2025-07-27T06:55:29.427-0400][15.744s][gc,phases   ] GC(25)   Other: 0.1ms
[2025-07-27T06:55:29.427-0400][15.744s][gc,heap     ] GC(25) Eden regions: 62->0(62)
[2025-07-27T06:55:29.427-0400][15.744s][gc,heap     ] GC(25) Survivor regions: 2->2(2)
[2025-07-27T06:55:29.427-0400][15.744s][gc,heap     ] GC(25) Old regions: 47->87
[2025-07-27T06:55:29.427-0400][15.744s][gc,heap     ] GC(25) Humongous regions: 0->0
[2025-07-27T06:55:29.427-0400][15.744s][gc,metaspace] GC(25) Metaspace: 146K(320K)->146K(320K) NonClass: 138K(192K)->138K(192K) Class: 8K(128K)->8K(128K)
[2025-07-27T06:55:29.427-0400][15.744s][gc,heap     ] GC(25) Heap after GC invocations=26 (full 0):
[2025-07-27T06:55:29.427-0400][15.744s][gc,heap     ] GC(25)  garbage-first heap   total 262144K, used 90162K [0x00000000f0000000, 0x0000000100000000)
[2025-07-27T06:55:29.427-0400][15.744s][gc,heap     ] GC(25)   region size 1024K, 2 young (2048K), 2 survivors (2048K)
[2025-07-27T06:55:29.427-0400][15.744s][gc,heap     ] GC(25)  Metaspace       used 146K, committed 320K, reserved 1114112K
[2025-07-27T06:55:29.427-0400][15.744s][gc,heap     ] GC(25)   class space    used 8K, committed 128K, reserved 1048576K
[2025-07-27T06:55:29.427-0400][15.744s][gc          ] GC(25) Pause Young (Prepare Mixed) (G1 Evacuation Pause) 110M->88M(256M) 8.304ms
[2025-07-27T06:55:29.427-0400][15.744s][gc,cpu      ] GC(25) User=0.04s Sys=0.00s Real=0.01s
[2025-07-27T06:55:30.215-0400][16.532s][gc,start    ] GC(26) Pause Young (Mixed) (G1 Evacuation Pause)
[2025-07-27T06:55:30.215-0400][16.533s][gc,heap     ] GC(26) Heap before GC invocations=26 (full 0):
[2025-07-27T06:55:30.216-0400][16.533s][gc,heap     ] GC(26)  garbage-first heap   total 262144K, used 153650K [0x00000000f0000000, 0x0000000100000000)
[2025-07-27T06:55:30.216-0400][16.533s][gc,heap     ] GC(26)   region size 1024K, 64 young (65536K), 2 survivors (2048K)
[2025-07-27T06:55:30.216-0400][16.533s][gc,heap     ] GC(26)  Metaspace       used 146K, committed 320K, reserved 1114112K
[2025-07-27T06:55:30.216-0400][16.533s][gc,heap     ] GC(26)   class space    used 8K, committed 128K, reserved 1048576K
[2025-07-27T06:55:30.216-0400][16.533s][gc,task     ] GC(26) Using 6 workers of 10 for evacuation
[2025-07-27T06:55:30.224-0400][16.542s][gc,phases   ] GC(26)   Pre Evacuate Collection Set: 0.8ms
[2025-07-27T06:55:30.225-0400][16.542s][gc,phases   ] GC(26)   Merge Heap Roots: 0.4ms
[2025-07-27T06:55:30.225-0400][16.542s][gc,phases   ] GC(26)   Evacuate Collection Set: 6.9ms
[2025-07-27T06:55:30.225-0400][16.542s][gc,phases   ] GC(26)   Post Evacuate Collection Set: 0.7ms
[2025-07-27T06:55:30.225-0400][16.542s][gc,phases   ] GC(26)   Other: 0.1ms
[2025-07-27T06:55:30.225-0400][16.542s][gc,heap     ] GC(26) Eden regions: 62->0(62)
[2025-07-27T06:55:30.225-0400][16.542s][gc,heap     ] GC(26) Survivor regions: 2->2(2)
[2025-07-27T06:55:30.225-0400][16.542s][gc,heap     ] GC(26) Old regions: 87->126
[2025-07-27T06:55:30.225-0400][16.542s][gc,heap     ] GC(26) Humongous regions: 0->0
[2025-07-27T06:55:30.225-0400][16.542s][gc,metaspace] GC(26) Metaspace: 146K(320K)->146K(320K) NonClass: 138K(192K)->138K(192K) Class: 8K(128K)->8K(128K)
[2025-07-27T06:55:30.225-0400][16.542s][gc,heap     ] GC(26) Heap after GC invocations=27 (full 0):
[2025-07-27T06:55:30.225-0400][16.542s][gc,heap     ] GC(26)  garbage-first heap   total 262144K, used 130098K [0x00000000f0000000, 0x0000000100000000)
[2025-07-27T06:55:30.225-0400][16.542s][gc,heap     ] GC(26)   region size 1024K, 2 young (2048K), 2 survivors (2048K)
[2025-07-27T06:55:30.225-0400][16.542s][gc,heap     ] GC(26)  Metaspace       used 146K, committed 320K, reserved 1114112K
[2025-07-27T06:55:30.225-0400][16.542s][gc,heap     ] GC(26)   class space    used 8K, committed 128K, reserved 1048576K
[2025-07-27T06:55:30.225-0400][16.542s][gc          ] GC(26) Pause Young (Mixed) (G1 Evacuation Pause) 150M->127M(256M) 9.394ms
[2025-07-27T06:55:30.225-0400][16.542s][gc,cpu      ] GC(26) User=0.04s Sys=0.00s Real=0.01s
[2025-07-27T06:55:31.010-0400][17.327s][gc,start    ] GC(27) Pause Young (Concurrent Start) (G1 Evacuation Pause)
[2025-07-27T06:55:31.010-0400][17.327s][gc,heap     ] GC(27) Heap before GC invocations=27 (full 0):
[2025-07-27T06:55:31.010-0400][17.327s][gc,heap     ] GC(27)  garbage-first heap   total 262144K, used 193586K [0x00000000f0000000, 0x0000000100000000)
[2025-07-27T06:55:31.010-0400][17.327s][gc,heap     ] GC(27)   region size 1024K, 64 young (65536K), 2 survivors (2048K)
[2025-07-27T06:55:31.010-0400][17.327s][gc,heap     ] GC(27)  Metaspace       used 146K, committed 320K, reserved 1114112K
[2025-07-27T06:55:31.010-0400][17.327s][gc,heap     ] GC(27)   class space    used 8K, committed 128K, reserved 1048576K
[2025-07-27T06:55:31.010-0400][17.327s][gc,task     ] GC(27) Using 6 workers of 10 for evacuation
[2025-07-27T06:55:31.019-0400][17.336s][gc,phases   ] GC(27)   Pre Evacuate Collection Set: 1.0ms
[2025-07-27T06:55:31.019-0400][17.336s][gc,phases   ] GC(27)   Merge Heap Roots: 0.3ms
[2025-07-27T06:55:31.019-0400][17.336s][gc,phases   ] GC(27)   Evacuate Collection Set: 6.6ms
[2025-07-27T06:55:31.019-0400][17.336s][gc,phases   ] GC(27)   Post Evacuate Collection Set: 0.7ms
[2025-07-27T06:55:31.019-0400][17.336s][gc,phases   ] GC(27)   Other: 0.2ms
[2025-07-27T06:55:31.019-0400][17.336s][gc,heap     ] GC(27) Eden regions: 62->0(62)
[2025-07-27T06:55:31.019-0400][17.336s][gc,heap     ] GC(27) Survivor regions: 2->2(2)
[2025-07-27T06:55:31.019-0400][17.336s][gc,heap     ] GC(27) Old regions: 126->166
[2025-07-27T06:55:31.019-0400][17.336s][gc,heap     ] GC(27) Humongous regions: 0->0
[2025-07-27T06:55:31.019-0400][17.336s][gc,metaspace] GC(27) Metaspace: 146K(320K)->146K(320K) NonClass: 138K(192K)->138K(192K) Class: 8K(128K)->8K(128K)
[2025-07-27T06:55:31.019-0400][17.336s][gc,heap     ] GC(27) Heap after GC invocations=28 (full 0):
[2025-07-27T06:55:31.019-0400][17.336s][gc,heap     ] GC(27)  garbage-first heap   total 262144K, used 170546K [0x00000000f0000000, 0x0000000100000000)
[2025-07-27T06:55:31.019-0400][17.336s][gc,heap     ] GC(27)   region size 1024K, 2 young (2048K), 2 survivors (2048K)
[2025-07-27T06:55:31.019-0400][17.336s][gc,heap     ] GC(27)  Metaspace       used 146K, committed 320K, reserved 1114112K
[2025-07-27T06:55:31.019-0400][17.336s][gc,heap     ] GC(27)   class space    used 8K, committed 128K, reserved 1048576K
[2025-07-27T06:55:31.019-0400][17.336s][gc          ] GC(27) Pause Young (Concurrent Start) (G1 Evacuation Pause) 189M->166M(256M) 9.454ms
[2025-07-27T06:55:31.019-0400][17.336s][gc,cpu      ] GC(27) User=0.04s Sys=0.00s Real=0.01s
[2025-07-27T06:55:31.019-0400][17.336s][gc          ] GC(28) Concurrent Mark Cycle
[2025-07-27T06:55:31.019-0400][17.336s][gc,marking  ] GC(28) Concurrent Scan Root Regions
[2025-07-27T06:55:31.021-0400][17.338s][gc,marking  ] GC(28) Concurrent Scan Root Regions 1.642ms
[2025-07-27T06:55:31.021-0400][17.338s][gc,marking  ] GC(28) Concurrent Mark
[2025-07-27T06:55:31.021-0400][17.338s][gc,marking  ] GC(28) Concurrent Mark From Roots
[2025-07-27T06:55:31.021-0400][17.338s][gc,task     ] GC(28) Using 3 workers of 3 for marking
[2025-07-27T06:55:31.022-0400][17.339s][gc,marking  ] GC(28) Concurrent Mark From Roots 1.193ms
[2025-07-27T06:55:31.022-0400][17.339s][gc,marking  ] GC(28) Concurrent Preclean
[2025-07-27T06:55:31.022-0400][17.339s][gc,marking  ] GC(28) Concurrent Preclean 0.011ms
[2025-07-27T06:55:31.022-0400][17.339s][gc,start    ] GC(28) Pause Remark
[2025-07-27T06:55:31.024-0400][17.341s][gc          ] GC(28) Pause Remark 167M->48M(256M) 1.701ms
[2025-07-27T06:55:31.024-0400][17.341s][gc,cpu      ] GC(28) User=0.00s Sys=0.00s Real=0.00s
[2025-07-27T06:55:31.024-0400][17.341s][gc,marking  ] GC(28) Concurrent Mark 3.170ms
[2025-07-27T06:55:31.024-0400][17.341s][gc,marking  ] GC(28) Concurrent Rebuild Remembered Sets and Scrub Regions
[2025-07-27T06:55:31.026-0400][17.343s][gc,marking  ] GC(28) Concurrent Rebuild Remembered Sets and Scrub Regions 1.500ms
[2025-07-27T06:55:31.026-0400][17.343s][gc,start    ] GC(28) Pause Cleanup
[2025-07-27T06:55:31.026-0400][17.343s][gc          ] GC(28) Pause Cleanup 48M->48M(256M) 0.158ms
[2025-07-27T06:55:31.026-0400][17.343s][gc,cpu      ] GC(28) User=0.00s Sys=0.00s Real=0.00s
[2025-07-27T06:55:31.026-0400][17.343s][gc,marking  ] GC(28) Concurrent Clear Claimed Marks
[2025-07-27T06:55:31.026-0400][17.343s][gc,marking  ] GC(28) Concurrent Clear Claimed Marks 0.016ms
[2025-07-27T06:55:31.026-0400][17.343s][gc,marking  ] GC(28) Concurrent Cleanup for Next Mark
[2025-07-27T06:55:31.026-0400][17.343s][gc,marking  ] GC(28) Concurrent Cleanup for Next Mark 0.267ms
[2025-07-27T06:55:31.026-0400][17.344s][gc          ] GC(28) Concurrent Mark Cycle 7.142ms
[2025-07-27T06:55:31.776-0400][18.093s][gc,heap,exit] Heap
[2025-07-27T06:55:31.776-0400][18.093s][gc,heap,exit]  garbage-first heap   total 262144K, used 109106K [0x00000000f0000000, 0x0000000100000000)
[2025-07-27T06:55:31.776-0400][18.093s][gc,heap,exit]   region size 1024K, 61 young (62464K), 2 survivors (2048K)
[2025-07-27T06:55:31.776-0400][18.093s][gc,heap,exit]  Metaspace       used 280K, committed 448K, reserved 1114112K
[2025-07-27T06:55:31.776-0400][18.093s][gc,heap,exit]   class space    used 21K, committed 128K, reserved 1048576K
